
taos> use test;
Database changed.

taos> select t1, cast(_wstart as bigint) as ws, count(*) as c, sum(v) as sv from ext_cx_src partition by t1 external_window((select ts, endtime, mark from ext_cx_win) w) order by t1, ws;
     t1      |          ws           |           c           |          sv           |
======================================================================================
           1 |         1700400000000 |                     2 |                    21 |
           1 |         1700400300000 |                     2 |                    25 |
           1 |         1700400600000 |                     1 |                    14 |
           1 |         1700400900000 |                     1 |                    15 |
           2 |         1700400000000 |                     1 |                    20 |
           2 |         1700400300000 |                     2 |                    43 |
           2 |         1700400600000 |                     1 |                    23 |
           2 |         1700400900000 |                     1 |                    24 |

taos> select t1, cast(_wstart as bigint) as ws, count(*) as c, sum(v) as sv from ext_cx_src partition by t1 external_window((select ts, endtime, mark from ext_cx_win) w) having count(*) > 1 order by t1, ws;
     t1      |          ws           |           c           |          sv           |
======================================================================================
           1 |         1700400000000 |                     2 |                    21 |
           1 |         1700400300000 |                     2 |                    25 |
           1 |         1700400600000 |                     1 |                    14 |
           1 |         1700400900000 |                     1 |                    15 |
           2 |         1700400000000 |                     1 |                    20 |
           2 |         1700400300000 |                     2 |                    43 |
           2 |         1700400600000 |                     1 |                    23 |
           2 |         1700400900000 |                     1 |                    24 |

taos> select t1, cast(_wstart as bigint) as ws, count(*) as c, sum(v) as sv from ext_cx_src partition by t1 external_window((select ts, endtime, mark from ext_cx_win) w) having sum(v) > 20 order by t1, ws;
     t1      |          ws           |           c           |          sv           |
======================================================================================
           1 |         1700400000000 |                     2 |                    21 |
           1 |         1700400300000 |                     2 |                    25 |
           1 |         1700400600000 |                     1 |                    14 |
           1 |         1700400900000 |                     1 |                    15 |
           2 |         1700400000000 |                     1 |                    20 |
           2 |         1700400300000 |                     2 |                    43 |
           2 |         1700400600000 |                     1 |                    23 |
           2 |         1700400900000 |                     1 |                    24 |

taos> select tbname, cast(_wstart as bigint) as ws, count(*) as c, sum(v) as sv from ext_cx_src partition by tbname external_window((select ts, endtime, mark from ext_cx_win) w) order by tbname, ws;
             tbname             |          ws           |           c           |          sv           |
=========================================================================================================
 ext_cx_src_1                   |         1700400000000 |                     2 |                    21 |
 ext_cx_src_1                   |         1700400300000 |                     2 |                    25 |
 ext_cx_src_1                   |         1700400600000 |                     1 |                    14 |
 ext_cx_src_1                   |         1700400900000 |                     1 |                    15 |
 ext_cx_src_2                   |         1700400000000 |                     1 |                    20 |
 ext_cx_src_2                   |         1700400300000 |                     2 |                    43 |
 ext_cx_src_2                   |         1700400600000 |                     1 |                    23 |
 ext_cx_src_2                   |         1700400900000 |                     1 |                    24 |

taos> select tbname, cast(_wstart as bigint) as ws, count(*) as c, max(v)-min(v) as span from ext_cx_src partition by tbname external_window((select ts, endtime, mark from ext_cx_win) w) having max(v)-min(v) >= 0 order by tbname, ws;
             tbname             |          ws           |           c           |           span            |
=============================================================================================================
 ext_cx_src_1                   |         1700400000000 |                     2 |                         1 |
 ext_cx_src_1                   |         1700400300000 |                     2 |                         1 |
 ext_cx_src_1                   |         1700400600000 |                     1 |                         0 |
 ext_cx_src_1                   |         1700400900000 |                     1 |                         0 |
 ext_cx_src_2                   |         1700400000000 |                     1 |                         0 |
 ext_cx_src_2                   |         1700400300000 |                     2 |                         1 |
 ext_cx_src_2                   |         1700400600000 |                     1 |                         0 |
 ext_cx_src_2                   |         1700400900000 |                     1 |                         0 |

taos> select t1, cast(_wstart as bigint) as ws, w.wc, count(*) as c, sum(v) as sv from ext_cx_src partition by t1 external_window((select _wstart, _wend, count(*) as wc from ext_cx_win_part partition by t1 interval(10m)) w) order by t1, ws;

DB error: External window subquery must return time-ordered rows [0x80000120] 
taos> select t1, cast(_wstart as bigint) as ws, w.wc, count(*) as c, sum(v) as sv from ext_cx_src partition by t1 external_window((select _wstart, _wend, count(*) as wc from ext_cx_win_part partition by t1 interval(10m)) w) having count(*) >= 1 order by t1, ws;

DB error: External window subquery must return time-ordered rows [0x80000120] 
taos> select t1, cast(_wstart as bigint) as ws, cast(ts as bigint) as ts64 from ext_cx_src partition by t1 external_window((select _wstart, _wend from ext_cx_win_part partition by t1 interval(10m)) w) order by t1, ts;

DB error: External window subquery must return time-ordered rows [0x80000120] 
taos> select tbname, cast(_wstart as bigint) as ws, cast(ts as bigint) as ts64 from ext_cx_src partition by tbname external_window((select ts, endtime, mark from ext_cx_win) w) order by tbname, ts desc limit 8;
             tbname             |          ws           |         ts64          |
=================================================================================
 ext_cx_src_1                   |         1700400900000 |         1700400960000 |
 ext_cx_src_1                   |         1700400600000 |         1700400660000 |
 ext_cx_src_1                   |         1700400300000 |         1700400420000 |
 ext_cx_src_1                   |         1700400300000 |         1700400360000 |
 ext_cx_src_1                   |         1700400000000 |         1700400120000 |
 ext_cx_src_1                   |         1700400000000 |         1700400060000 |
 ext_cx_src_2                   |         1700400900000 |         1700401020000 |
 ext_cx_src_2                   |         1700400600000 |         1700400780000 |

taos> select t1, cast(_wstart as bigint) as ws, count(*) as c, sum(v) as sv from ext_cx_src where v >= 12 partition by t1 external_window((select ts, endtime, mark from ext_cx_win where mark <= 103) w) having sum(v) > 10 order by t1, ws;
     t1      |          ws           |           c           |          sv           |
======================================================================================
           1 |         1700400300000 |                     2 |                    25 |
           1 |         1700400600000 |                     1 |                    14 |
           2 |         1700400000000 |                     1 |                    20 |
           2 |         1700400300000 |                     2 |                    43 |
           2 |         1700400600000 |                     1 |                    23 |

taos> select tbname, cast(_wstart as bigint) as ws, count(*) as c, sum(v) as sv from ext_cx_src where v >= 20 partition by tbname external_window((select ts, endtime, mark from ext_cx_win) w) order by tbname, ws;
             tbname             |          ws           |           c           |          sv           |
=========================================================================================================
 ext_cx_src_2                   |         1700400000000 |                     1 |                    20 |
 ext_cx_src_2                   |         1700400300000 |                     2 |                    43 |
 ext_cx_src_2                   |         1700400600000 |                     1 |                    23 |
 ext_cx_src_2                   |         1700400900000 |                     1 |                    24 |

taos> select t1, cast(_wstart as bigint) as ws, count(*) as c, sum(v) as sv from ext_cx_src partition by t1 external_window((select ts, endtime, mark from ext_cx_win) w) order by c desc, t1, ws limit 6;
     t1      |          ws           |           c           |          sv           |
======================================================================================
           1 |         1700400000000 |                     2 |                    21 |
           1 |         1700400300000 |                     2 |                    25 |
           2 |         1700400300000 |                     2 |                    43 |
           1 |         1700400600000 |                     1 |                    14 |
           1 |         1700400900000 |                     1 |                    15 |
           2 |         1700400000000 |                     1 |                    20 |

