
taos> use test;
Database changed.

taos> select t1, cast(_wstart as bigint) as ws, count(*) as c from ext_src partition by t1 external_window((select _wstart, _wend, count(*) as wc from ext_win partition by t1 interval(10m)) w) order by t1, ws;
     t1      |          ws           |           c           |
==============================================================
           1 |         1699999800000 |                     2 |

taos> select cast(_wstart as bigint) as ws, count(*) as c from ext_src external_window((select _wstart, _wend, count(*) as wc from ext_win partition by t1 interval(10m)) w) order by ws;

DB error: EXTERNAL_WINDOW subquery cannot have GROUP BY or PARTITION BY clause if the outer query doesn't have [0x80002658] 
taos> select t1, cast(_wstart as bigint) as ws, count(*) as c from ext_src partition by t1 external_window((select _wstart, _wend, count(*) as wc from ext_win partition by t1 interval(10m)) w);
     t1      |          ws           |           c           |
==============================================================
           1 |         1699999800000 |                     2 |

taos> select t1, cast(_wstart as bigint) as ws, count(*) as c from ext_src_2 partition by t1 external_window((select _wstart, _wend from ext_win partition by t1 interval(10m)) w);

taos> select t1, cast(_wstart as bigint) as ws, count(*) as c from ext_src_1 partition by t1 external_window((select _wstart, _wend from ext_win partition by t1 interval(10m)) w);
     t1      |          ws           |           c           |
==============================================================
           1 |         1699999800000 |                     2 |

taos> select t1, cast(_wstart as bigint) as ws, w.wc from ext_src partition by t1 external_window((select _wstart, _wend, count(*) as wc from ext_win partition by t1 interval(10m)) w) order by t1, ws;
     t1      |          ws           |          wc           |
==============================================================
           1 |         1699999800000 |                     1 |
           1 |         1699999800000 |                     1 |

taos> select t1, cast(_wstart as bigint) as ws from ext_src partition by t1 external_window((select _wstart, _wend, count(*) as wc from ext_win partition by t1 interval(10m)) w) order by t1, ws;
     t1      |          ws           |
======================================
           1 |         1699999800000 |
           1 |         1699999800000 |

taos> select t1, cast(_wstart as bigint) as ws, wc from ext_src partition by t1 external_window((select _wstart, _wend, count(*) as wc from ext_win partition by t1 interval(10m)) w) order by t1, ws;

DB error: Invalid column name: wc [0x80002602] 
