
taos> CREATE DATABASE IF NOT EXISTS file_nots_db;
Create OK, 0 row(s) affected 

taos> USE file_nots_db;
Database changed.

taos> SELECT id, score FROM FILE('./cases/09-DataQuerying/08-SubQuery/in/file_source_no_ts.csv', 'id INT, name VARCHAR(16), score FLOAT') f ORDER BY id;

DB error: FILE source requires the first column to be TIMESTAMP [0x80002600] 
taos> SELECT id FROM FILE('./cases/09-DataQuerying/08-SubQuery/in/file_source_no_ts.csv', 'id INT, name VARCHAR(16), score FLOAT') f ORDER BY score DESC;

DB error: FILE source requires the first column to be TIMESTAMP [0x80002600] 
taos> SELECT COUNT(id) FROM FILE('./cases/09-DataQuerying/08-SubQuery/in/file_source_no_ts.csv', 'id INT, name VARCHAR(16), score FLOAT') f GROUP BY name ORDER BY name;

DB error: FILE source requires the first column to be TIMESTAMP [0x80002600] 
