
taos> use text_src_db;
Database changed.

taos> SELECT ts, a FROM TEXT(ts TIMESTAMP, a BIGINT) VALUES ('2024-01-01 00:00:00', 1) ('2024-01-02 00:00:00', 2) t1;
           ts            |           a           |
==================================================
 2024-01-01 00:00:00.000 |                     1 |
 2024-01-02 00:00:00.000 |                     2 |

taos> SELECT ts, c1, c2, c3, c4 FROM TEXT(ts TIMESTAMP, c1 INT, c2 DOUBLE, c3 BOOL, c4 VARCHAR(32)) VALUES ('2024-01-01 00:00:00', 10, 3.14, true, 'abc') t2;
           ts            |     c1      |            c2             |  c3   |                c4                |
===============================================================================================================
 2024-01-01 00:00:00.000 |          10 |                      3.14 | true  | abc                              |

taos> SELECT ts FROM TEXT(ts TIMESTAMP) VALUES ('2024-01-01 00:00:00') ('2024-01-02 00:00:00') ('2024-01-03 00:00:00') t3;
           ts            |
==========================
 2024-01-01 00:00:00.000 |
 2024-01-02 00:00:00.000 |
 2024-01-03 00:00:00.000 |

taos> SELECT ts, b FROM TEXT(ts TIMESTAMP, b INT) VALUES ('2024-01-01 00:00:00', NULL) ('2024-01-02 00:00:00', 42) t4;
           ts            |      b      |
========================================
 2024-01-01 00:00:00.000 | NULL        |
 2024-01-02 00:00:00.000 |          42 |

taos> SELECT * FROM (SELECT ts, a FROM TEXT(ts TIMESTAMP, a BIGINT) VALUES ('2024-01-01 00:00:00', 10) ('2024-01-02 00:00:00', 20) inner_t) sub;
           ts            |           a           |
==================================================
 2024-01-01 00:00:00.000 |                    10 |
 2024-01-02 00:00:00.000 |                    20 |

taos> SELECT ts FROM TEXT(ts TIMESTAMP) VALUES ('2024-03-01 00:00:00');
           ts            |
==========================
 2024-03-01 00:00:00.000 |

taos> SELECT ts, a FROM TEXT(ts TIMESTAMP, a INT) VALUES ('2024-01-01 00:00:00', 1) ('2024-01-02 00:00:00', 2) ('2024-01-03 00:00:00', 3) t7 WHERE a > 1;
           ts            |      a      |
========================================
 2024-01-02 00:00:00.000 |           2 |
 2024-01-03 00:00:00.000 |           3 |

taos> SELECT ts, v1, v2, v3, v4 FROM TEXT(ts TIMESTAMP, v1 TINYINT, v2 SMALLINT, v3 INT, v4 BIGINT) VALUES ('2024-01-01 00:00:00', 127, 32767, 2147483647, 9223372036854775807) t8;
           ts            |  v1  |   v2   |     v3      |          v4           |
================================================================================
 2024-01-01 00:00:00.000 |  127 |  32767 |  2147483647 |   9223372036854775807 |

taos> SELECT ts, f1, f2 FROM TEXT(ts TIMESTAMP, f1 FLOAT, f2 DOUBLE) VALUES ('2024-01-01 00:00:00', 1.5, 2.718281828) ('2024-01-02 00:00:00', -3.14, 0.0) t9;
           ts            |          f1          |            f2             |
=============================================================================
 2024-01-01 00:00:00.000 |                  1.5 |               2.718281828 |
 2024-01-02 00:00:00.000 |                -3.14 |                         0 |

taos> SELECT ts, s1, s2 FROM TEXT(ts TIMESTAMP, s1 VARCHAR(64), s2 NCHAR(64)) VALUES ('2024-01-01 00:00:00', 'hello world', 'nchar_val') ('2024-01-02 00:00:00', 'foo', 'bar') t10;
           ts            |               s1               |               s2               |
============================================================================================
 2024-01-01 00:00:00.000 | hello world                    | nchar_val                      |
 2024-01-02 00:00:00.000 | foo                            | bar                            |

taos> SELECT ts, b1 FROM TEXT(ts TIMESTAMP, b1 BOOL) VALUES ('2024-01-01 00:00:00', true) ('2024-01-02 00:00:00', false) ('2024-01-03 00:00:00', NULL) t11;
           ts            |  b1   |
==================================
 2024-01-01 00:00:00.000 | true  |
 2024-01-02 00:00:00.000 | false |
 2024-01-03 00:00:00.000 | NULL  |

taos> SELECT ts, a FROM TEXT(ts TIMESTAMP, a INT) VALUES ('2024-01-01 00:00:00', 5) ('2024-01-02 00:00:00', 3) ('2024-01-03 00:00:00', 8) ('2024-01-04 00:00:00', 1) t12 ORDER BY a DESC;
           ts            |      a      |
========================================
 2024-01-03 00:00:00.000 |           8 |
 2024-01-01 00:00:00.000 |           5 |
 2024-01-02 00:00:00.000 |           3 |
 2024-01-04 00:00:00.000 |           1 |

taos> SELECT ts, a FROM TEXT(ts TIMESTAMP, a INT) VALUES ('2024-01-01 00:00:00', 10) ('2024-01-02 00:00:00', 20) ('2024-01-03 00:00:00', 30) ('2024-01-04 00:00:00', 40) ('2024-01-05 00:00:00', 50) t13 LIMIT 3;
           ts            |      a      |
========================================
 2024-01-01 00:00:00.000 |          10 |
 2024-01-02 00:00:00.000 |          20 |
 2024-01-03 00:00:00.000 |          30 |

taos> SELECT ts, a, b FROM TEXT(ts TIMESTAMP, a INT, b VARCHAR(16)) VALUES ('2024-01-01 00:00:00', NULL, 'present') ('2024-01-02 00:00:00', 99, NULL) t14;
           ts            |      a      |        b         |
===========================================================
 2024-01-01 00:00:00.000 | NULL        | present          |
 2024-01-02 00:00:00.000 |          99 | NULL             |

taos> SELECT ts FROM (SELECT ts, a FROM TEXT(ts TIMESTAMP, a INT) VALUES ('2024-01-01 00:00:00', 1) ('2024-01-02 00:00:00', 2) ('2024-01-03 00:00:00', 3) inner_t WHERE a >= 2) sub;
           ts            |
==========================
 2024-01-02 00:00:00.000 |
 2024-01-03 00:00:00.000 |

taos> SELECT ts, u1, u2, u3, u4 FROM TEXT(ts TIMESTAMP, u1 TINYINT UNSIGNED, u2 SMALLINT UNSIGNED, u3 INT UNSIGNED, u4 BIGINT UNSIGNED) VALUES ('2024-01-01 00:00:00', 255, 65535, 4294967295, 18446744073709551615) t16;
           ts            |  u1  |   u2   |     u3      |          u4           |
================================================================================
 2024-01-01 00:00:00.000 |  255 |  65535 |  4294967295 |  18446744073709551615 |

taos> SELECT ts, a, b FROM TEXT(ts TIMESTAMP, a INT, b BIGINT) VALUES ('2024-01-01 00:00:00', -2147483648, -9223372036854775808) ('2024-01-02 00:00:00', 0, 0) t17;
           ts            |      a      |           b           |
================================================================
 2024-01-01 00:00:00.000 | -2147483648 |  -9223372036854775808 |
 2024-01-02 00:00:00.000 |           0 |                     0 |

taos> SELECT ts, n FROM TEXT(ts TIMESTAMP, n NCHAR(64)) VALUES ('2024-01-01 00:00:00', '中文') ('2024-01-02 00:00:00', 'unicode_test') t18;
           ts            |               n                |
===========================================================
 2024-01-01 00:00:00.000 | 中文                           |
 2024-01-02 00:00:00.000 | unicode_test                   |

taos> SELECT ts, v FROM TEXT(ts TIMESTAMP, v VARCHAR(64)) VALUES ('2024-01-01 00:00:00', '') ('2024-01-02 00:00:00', 'hello world') t19;
           ts            |               v                |
===========================================================
 2024-01-01 00:00:00.000 |                                |
 2024-01-02 00:00:00.000 | hello world                    |

taos> SELECT ts, a FROM TEXT(ts TIMESTAMP, a INT) VALUES ('2024-01-01 00:00:00', 1) ('2024-01-02 00:00:00', 2) ('2024-01-03 00:00:00', 3) ('2024-01-04 00:00:00', 4) t20 WHERE ts >= '2024-01-02 00:00:00' AND ts <= '2024-01-03 00:00:00';
           ts            |      a      |
========================================
 2024-01-02 00:00:00.000 |           2 |
 2024-01-03 00:00:00.000 |           3 |

taos> SELECT ts, a FROM TEXT(ts TIMESTAMP, a INT) VALUES ('2024-01-01 00:00:00', NULL) ('2024-01-02 00:00:00', 5) ('2024-01-03 00:00:00', NULL) t21 WHERE a IS NOT NULL;
           ts            |      a      |
========================================
 2024-01-02 00:00:00.000 |           5 |

taos> SELECT ts, a FROM TEXT(ts TIMESTAMP, a INT) VALUES ('2024-01-01 00:00:00', 10) ('2024-01-02 00:00:00', 20) ('2024-01-03 00:00:00', 30) ('2024-01-04 00:00:00', 40) t22 WHERE a BETWEEN 15 AND 35;
           ts            |      a      |
========================================
 2024-01-02 00:00:00.000 |          20 |
 2024-01-03 00:00:00.000 |          30 |

taos> SELECT ts, s FROM TEXT(ts TIMESTAMP, s VARCHAR(32)) VALUES ('2024-01-01 00:00:00', 'apple') ('2024-01-02 00:00:00', 'banana') ('2024-01-03 00:00:00', 'apricot') t23 WHERE s LIKE 'ap%';
           ts            |                s                 |
=============================================================
 2024-01-01 00:00:00.000 | apple                            |
 2024-01-03 00:00:00.000 | apricot                          |

taos> SELECT ts, a * 2 AS doubled, a + b AS sum_ab FROM TEXT(ts TIMESTAMP, a INT, b INT) VALUES ('2024-01-01 00:00:00', 3, 4) ('2024-01-02 00:00:00', 5, 6) t24;
           ts            |          doubled          |          sum_ab           |
==================================================================================
 2024-01-01 00:00:00.000 |                         6 |                         7 |
 2024-01-02 00:00:00.000 |                        10 |                        11 |

taos> SELECT ts, doubled FROM (SELECT ts, a * 2 AS doubled FROM TEXT(ts TIMESTAMP, a INT) VALUES ('2024-01-01 00:00:00', 7) ('2024-01-02 00:00:00', 3) inner_t) sub ORDER BY doubled;
           ts            |          doubled          |
======================================================
 2024-01-02 00:00:00.000 |                         6 |
 2024-01-01 00:00:00.000 |                        14 |

taos> SELECT ts, a FROM (SELECT ts, a FROM TEXT(ts TIMESTAMP, a INT) VALUES ('2024-01-01 00:00:00', 1) ('2024-01-02 00:00:00', 2) ('2024-01-03 00:00:00', 3) ('2024-01-04 00:00:00', 4) ('2024-01-05 00:00:00', 5) inner_t WHERE a > 1) sub WHERE a < 5;
           ts            |      a      |
========================================
 2024-01-02 00:00:00.000 |           2 |
 2024-01-03 00:00:00.000 |           3 |
 2024-01-04 00:00:00.000 |           4 |

taos> SELECT ts FROM (SELECT ts, a FROM (SELECT ts, a FROM TEXT(ts TIMESTAMP, a INT) VALUES ('2024-01-01 00:00:00', 1) ('2024-01-02 00:00:00', 2) ('2024-01-03 00:00:00', 3) inner_t) mid WHERE a >= 2) outer_t WHERE ts < '2024-01-03 00:00:00';
           ts            |
==========================
 2024-01-02 00:00:00.000 |

taos> SELECT ts, v FROM (SELECT ts, v FROM TEXT(ts TIMESTAMP, v INT) VALUES ('2024-01-01 00:00:00', 1) ('2024-01-02 00:00:00', 2) ta UNION ALL SELECT ts, v FROM TEXT(ts TIMESTAMP, v INT) VALUES ('2024-01-03 00:00:00', 3) tb) sub ORDER BY ts;
           ts            |      v      |
========================================
 2024-01-01 00:00:00.000 |           1 |
 2024-01-02 00:00:00.000 |           2 |
 2024-01-03 00:00:00.000 |           3 |

taos> SELECT score FROM (SELECT ts, a AS score FROM TEXT(ts TIMESTAMP, a INT) VALUES ('2024-01-01 00:00:00', 30) ('2024-01-02 00:00:00', 10) ('2024-01-03 00:00:00', 20) src) sub ORDER BY score;
    score    |
==============
          10 |
          20 |
          30 |

taos> SELECT a FROM (SELECT DISTINCT a FROM TEXT(ts TIMESTAMP, a INT) VALUES ('2024-01-01 00:00:00', 1) ('2024-01-02 00:00:00', 2) ('2024-01-03 00:00:00', 1) ('2024-01-04 00:00:00', 3) t_dup) sub ORDER BY a;
      a      |
==============
           1 |
           2 |
           3 |

