
taos> set max_binary_display_width 300;
taos> explain verbose true select * from test_vtable_ts_pushdown_vtb.ntb_0_vtb where ts >= (select lower_ts from test_vtable_ts_pushdown_origin.bound_t limit 1) and ts < (select upper_ts from test_vtable_ts_pushdown_origin.bound_t limit 1) order by ts;
                                                                                                                                                  QUERY_PLAN                                                                                                                                                  |
===============================================================================================================================================================================================================================================================================================================
 -> Projection (columns=2 width=12 input_order=asc)                                                                                                                                                                                                                                                           |
       Output: columns=2 width=12                                                                                                                                                                                                                                                                             |
       Output: Ignore Group Id: true                                                                                                                                                                                                                                                                          |
       Merge ResBlocks: True                                                                                                                                                                                                                                                                                  |
    -> Table Scan on ntb_0 (columns=2 width=12 order=[asc|1 desc|0] mode=ts_order data_load=data)                                                                                                                                                                                                             |
          Output: columns=2 width=12                                                                                                                                                                                                                                                                          |
          Time Range: [-9223372036854775808, 9223372036854775807]                                                                                                                                                                                                                                             |
          Primary Filter: ((`test_vtable_ts_pushdown_origin`.`ntb_0`.`` >= $(InitPlan 1)) AND (`test_vtable_ts_pushdown_origin`.`ntb_0`.`` < $(InitPlan 2)))                                                                                                                                                  |
    InitPlan 2                                                                                                                                                                                                                                                                                                |
       -> Table Scan on bound_t (columns=2 width=16 order=[asc|1 desc|0] mode=ts_order data_load=data)                                                                                                                                                                                                        |
             Output: columns=1 width=8 limit=1                                                                                                                                                                                                                                                                |
             Time Range: [-9223372036854775808, 9223372036854775807]                                                                                                                                                                                                                                          |
    InitPlan 1                                                                                                                                                                                                                                                                                                |
       -> Table Scan on bound_t (columns=2 width=16 order=[asc|1 desc|0] mode=ts_order data_load=data)                                                                                                                                                                                                        |
             Output: columns=1 width=8 limit=1                                                                                                                                                                                                                                                                |
             Time Range: [-9223372036854775808, 9223372036854775807]                                                                                                                                                                                                                                          |

taos> explain verbose true select * from test_vtable_ts_pushdown_vtb.ntb_0_vtb where ts >= (select lower_ts from test_vtable_ts_pushdown_origin.bound_t limit 1) order by ts;
                                                                                                                                                  QUERY_PLAN                                                                                                                                                  |
===============================================================================================================================================================================================================================================================================================================
 -> Projection (columns=2 width=12 input_order=asc)                                                                                                                                                                                                                                                           |
       Output: columns=2 width=12                                                                                                                                                                                                                                                                             |
       Output: Ignore Group Id: true                                                                                                                                                                                                                                                                          |
       Merge ResBlocks: True                                                                                                                                                                                                                                                                                  |
    -> Table Scan on ntb_0 (columns=2 width=12 order=[asc|1 desc|0] mode=ts_order data_load=data)                                                                                                                                                                                                             |
          Output: columns=2 width=12                                                                                                                                                                                                                                                                          |
          Time Range: [-9223372036854775808, 9223372036854775807]                                                                                                                                                                                                                                             |
          Primary Filter: (`test_vtable_ts_pushdown_origin`.`ntb_0`.`` >= $(InitPlan 1))                                                                                                                                                                                                                      |
    InitPlan 1                                                                                                                                                                                                                                                                                                |
       -> Table Scan on bound_t (columns=2 width=16 order=[asc|1 desc|0] mode=ts_order data_load=data)                                                                                                                                                                                                        |
             Output: columns=1 width=8 limit=1                                                                                                                                                                                                                                                                |
             Time Range: [-9223372036854775808, 9223372036854775807]                                                                                                                                                                                                                                          |

taos> explain verbose true select * from test_vtable_ts_pushdown_vtb.ntb_0_vtb where ts < (select upper_ts from test_vtable_ts_pushdown_origin.bound_t limit 1) order by ts;
                                                                                                                                                  QUERY_PLAN                                                                                                                                                  |
===============================================================================================================================================================================================================================================================================================================
 -> Projection (columns=2 width=12 input_order=asc)                                                                                                                                                                                                                                                           |
       Output: columns=2 width=12                                                                                                                                                                                                                                                                             |
       Output: Ignore Group Id: true                                                                                                                                                                                                                                                                          |
       Merge ResBlocks: True                                                                                                                                                                                                                                                                                  |
    -> Table Scan on ntb_0 (columns=2 width=12 order=[asc|1 desc|0] mode=ts_order data_load=data)                                                                                                                                                                                                             |
          Output: columns=2 width=12                                                                                                                                                                                                                                                                          |
          Time Range: [-9223372036854775808, 9223372036854775807]                                                                                                                                                                                                                                             |
          Primary Filter: (`test_vtable_ts_pushdown_origin`.`ntb_0`.`` < $(InitPlan 1))                                                                                                                                                                                                                       |
    InitPlan 1                                                                                                                                                                                                                                                                                                |
       -> Table Scan on bound_t (columns=2 width=16 order=[asc|1 desc|0] mode=ts_order data_load=data)                                                                                                                                                                                                        |
             Output: columns=1 width=8 limit=1                                                                                                                                                                                                                                                                |
             Time Range: [-9223372036854775808, 9223372036854775807]                                                                                                                                                                                                                                          |

taos> explain verbose true select * from test_vtable_ts_pushdown_vtb.ntb_0_vtb where ts = (select exact_ts from test_vtable_ts_pushdown_origin.bound_t limit 1) order by ts;
                                                                                                                                                  QUERY_PLAN                                                                                                                                                  |
===============================================================================================================================================================================================================================================================================================================
 -> Projection (columns=2 width=12 input_order=asc)                                                                                                                                                                                                                                                           |
       Output: columns=2 width=12                                                                                                                                                                                                                                                                             |
       Output: Ignore Group Id: true                                                                                                                                                                                                                                                                          |
       Merge ResBlocks: True                                                                                                                                                                                                                                                                                  |
    -> Table Scan on ntb_0 (columns=2 width=12 order=[asc|1 desc|0] mode=ts_order data_load=data)                                                                                                                                                                                                             |
          Output: columns=2 width=12                                                                                                                                                                                                                                                                          |
          Time Range: [-9223372036854775808, 9223372036854775807]                                                                                                                                                                                                                                             |
          Primary Filter: (`test_vtable_ts_pushdown_origin`.`ntb_0`.`` = $(InitPlan 1))                                                                                                                                                                                                                       |
    InitPlan 1                                                                                                                                                                                                                                                                                                |
       -> Table Scan on bound_t (columns=2 width=16 order=[asc|1 desc|0] mode=ts_order data_load=data)                                                                                                                                                                                                        |
             Output: columns=1 width=8 limit=1                                                                                                                                                                                                                                                                |
             Time Range: [-9223372036854775808, 9223372036854775807]                                                                                                                                                                                                                                          |

taos> explain verbose true select * from test_vtable_ts_pushdown_vtb.ntb_multi_vtb where ts >= (select lower_ts from test_vtable_ts_pushdown_origin.bound_t limit 1) and ts < (select upper_ts from test_vtable_ts_pushdown_origin.bound_t limit 1) order by ts;
                                                                                                                                                  QUERY_PLAN                                                                                                                                                  |
===============================================================================================================================================================================================================================================================================================================
 -> Sort input_order=asc output_order=asc  (columns=3 width=16)                                                                                                                                                                                                                                               |
       Output: columns=3 width=16                                                                                                                                                                                                                                                                             |
    -> Virtual Table Scan on ntb_multi_vtb (columns=3 width=16)                                                                                                                                                                                                                                               |
          Output: columns=3 width=16                                                                                                                                                                                                                                                                          |
       -> Data Exchange 1:1 (width=12)                                                                                                                                                                                                                                                                        |
             Output: columns=2 width=12                                                                                                                                                                                                                                                                       |
          -> Table Scan on ntb_1 (columns=2 width=12 order=[asc|1 desc|0] mode=ts_order data_load=data)                                                                                                                                                                                                       |
                Output: columns=2 width=12                                                                                                                                                                                                                                                                    |
                Time Range: [-9223372036854775808, 9223372036854775807]                                                                                                                                                                                                                                       |
                Primary Filter: ((`test_vtable_ts_pushdown_origin`.`ntb_1`.`` >= $(InitPlan 1)) AND (`test_vtable_ts_pushdown_origin`.`ntb_1`.`` < $(InitPlan 2)))                                                                                                                                            |
       -> Data Exchange 1:1 (width=12)                                                                                                                                                                                                                                                                        |
             Output: columns=2 width=12                                                                                                                                                                                                                                                                       |
          -> Table Scan on ntb_0 (columns=2 width=12 order=[asc|1 desc|0] mode=ts_order data_load=data)                                                                                                                                                                                                       |
                Output: columns=2 width=12                                                                                                                                                                                                                                                                    |
                Time Range: [-9223372036854775808, 9223372036854775807]                                                                                                                                                                                                                                       |
                Primary Filter: ((`test_vtable_ts_pushdown_origin`.`ntb_0`.`` >= $(InitPlan 1)) AND (`test_vtable_ts_pushdown_origin`.`ntb_0`.`` < $(InitPlan 2)))                                                                                                                                            |
    InitPlan 2                                                                                                                                                                                                                                                                                                |
       -> Table Scan on bound_t (columns=2 width=16 order=[asc|1 desc|0] mode=ts_order data_load=data)                                                                                                                                                                                                        |
             Output: columns=1 width=8 limit=1                                                                                                                                                                                                                                                                |
             Time Range: [-9223372036854775808, 9223372036854775807]                                                                                                                                                                                                                                          |
    InitPlan 1                                                                                                                                                                                                                                                                                                |
       -> Table Scan on bound_t (columns=2 width=16 order=[asc|1 desc|0] mode=ts_order data_load=data)                                                                                                                                                                                                        |
             Output: columns=1 width=8 limit=1                                                                                                                                                                                                                                                                |
             Time Range: [-9223372036854775808, 9223372036854775807]                                                                                                                                                                                                                                          |

taos> explain verbose true select * from test_vtable_ts_pushdown_vtb.vstb_0 where ts >= (select lower_ts from test_vtable_ts_pushdown_origin.bound_t limit 1) and ts <= (select mid_ts from test_vtable_ts_pushdown_origin.bound_t limit 1) order by ts;
                                                                                                                                                  QUERY_PLAN                                                                                                                                                  |
===============================================================================================================================================================================================================================================================================================================
 -> Sort input_order=asc output_order=asc  (columns=3 width=16)                                                                                                                                                                                                                                               |
       Output: columns=3 width=16                                                                                                                                                                                                                                                                             |
    -> Dynamic Query Control for Virtual Stable Scan (columns=3 origin_vgroup_num=2 width=16 input_order=asc)                                                                                                                                                                                                 |
          Output: columns=3 width=16                                                                                                                                                                                                                                                                          |
       -> Virtual Table Scan on vstb_0 (columns=2 pseudo_columns=1 width=16)                                                                                                                                                                                                                                  |
             Output: columns=3 width=16                                                                                                                                                                                                                                                                       |
          -> Data Exchange 2:1 (width=4)                                                                                                                                                                                                                                                                      |
                Output: columns=1 width=4                                                                                                                                                                                                                                                                     |
             -> Tag Scan on vstb_0 (pseudo_columns=1 width=4)                                                                                                                                                                                                                                                 |
                   Output: columns=1 width=4                                                                                                                                                                                                                                                                  |
          -> Data Exchange 2:1 (width=16)                                                                                                                                                                                                                                                                     |
                Output: columns=3 width=16                                                                                                                                                                                                                                                                    |
             -> Table Scan on vstb_0 (columns=2 pseudo_columns=1 width=16 order=[asc|1 desc|0] mode=ts_order data_load=data)                                                                                                                                                                                  |
                   Output: columns=3 width=16                                                                                                                                                                                                                                                                 |
                   Time Range: [-9223372036854775808, 9223372036854775807]                                                                                                                                                                                                                                    |
                   Primary Filter: ((`test_vtable_ts_pushdown_vtb`.`vstb_0`.`ts` >= $(InitPlan 1)) AND (`test_vtable_ts_pushdown_vtb`.`vstb_0`.`ts` <= $(InitPlan 2)))                                                                                                                                        |
       -> Data Exchange 4:1 (width=800)                                                                                                                                                                                                                                                                       |
             Output: columns=9 width=800                                                                                                                                                                                                                                                                      |
          -> System Table Scan on ins_virtual_child_columns (columns=9 width=800)                                                                                                                                                                                                                             |
                Output: columns=9 width=800                                                                                                                                                                                                                                                                   |
    InitPlan 2                                                                                                                                                                                                                                                                                                |
       -> Table Scan on bound_t (columns=2 width=16 order=[asc|1 desc|0] mode=ts_order data_load=data)                                                                                                                                                                                                        |
             Output: columns=1 width=8 limit=1                                                                                                                                                                                                                                                                |
             Time Range: [-9223372036854775808, 9223372036854775807]                                                                                                                                                                                                                                          |
    InitPlan 1                                                                                                                                                                                                                                                                                                |
       -> Table Scan on bound_t (columns=2 width=16 order=[asc|1 desc|0] mode=ts_order data_load=data)                                                                                                                                                                                                        |
             Output: columns=1 width=8 limit=1                                                                                                                                                                                                                                                                |
             Time Range: [-9223372036854775808, 9223372036854775807]                                                                                                                                                                                                                                          |

taos> explain verbose true select * from test_vtable_ts_pushdown_vtb.ntb_0_vtb where ts >= (select first(lower_ts) from test_vtable_ts_pushdown_origin.bound_filter_t where group_id = 1) and ts < (select last(upper_ts) from test_vtable_ts_pushdown_origin.bound_filter_t where group_id = 1) order by ts;
                                                                                                                                                  QUERY_PLAN                                                                                                                                                  |
===============================================================================================================================================================================================================================================================================================================
 -> Projection (columns=2 width=12 input_order=asc)                                                                                                                                                                                                                                                           |
       Output: columns=2 width=12                                                                                                                                                                                                                                                                             |
       Output: Ignore Group Id: true                                                                                                                                                                                                                                                                          |
       Merge ResBlocks: True                                                                                                                                                                                                                                                                                  |
    -> Table Scan on ntb_0 (columns=2 width=12 order=[asc|1 desc|0] mode=ts_order data_load=data)                                                                                                                                                                                                             |
          Output: columns=2 width=12                                                                                                                                                                                                                                                                          |
          Time Range: [-9223372036854775808, 9223372036854775807]                                                                                                                                                                                                                                             |
          Primary Filter: ((`test_vtable_ts_pushdown_origin`.`ntb_0`.`` >= $(InitPlan 1)) AND (`test_vtable_ts_pushdown_origin`.`ntb_0`.`` < $(InitPlan 2)))                                                                                                                                                  |
    InitPlan 2                                                                                                                                                                                                                                                                                                |
       -> Aggregate (functions=1 width=8 input_order=desc)                                                                                                                                                                                                                                                    |
             Output: columns=1 width=8 blocking=1                                                                                                                                                                                                                                                             |
             Merge ResBlocks: True                                                                                                                                                                                                                                                                            |
          -> Table Scan on bound_filter_t (columns=3 width=20 order=[asc|0 desc|1] mode=ts_order data_load=data)                                                                                                                                                                                              |
                Output: columns=3 width=20                                                                                                                                                                                                                                                                    |
                Time Range: [-9223372036854775808, 9223372036854775807]                                                                                                                                                                                                                                       |
                Filter: conditions=(`test_vtable_ts_pushdown_origin`.`bound_filter_t`.`group_id` = 1)                                                                                                                                                                                                         |
    InitPlan 1                                                                                                                                                                                                                                                                                                |
       -> Aggregate (functions=1 width=8 input_order=asc)                                                                                                                                                                                                                                                     |
             Output: columns=1 width=8 blocking=1                                                                                                                                                                                                                                                             |
             Merge ResBlocks: True                                                                                                                                                                                                                                                                            |
          -> Table Scan on bound_filter_t (columns=3 width=20 order=[asc|1 desc|0] mode=ts_order data_load=data)                                                                                                                                                                                              |
                Output: columns=3 width=20                                                                                                                                                                                                                                                                    |
                Time Range: [-9223372036854775808, 9223372036854775807]                                                                                                                                                                                                                                       |
                Filter: conditions=(`test_vtable_ts_pushdown_origin`.`bound_filter_t`.`group_id` = 1)                                                                                                                                                                                                         |

taos> explain verbose true select * from test_vtable_ts_pushdown_vtb.ntb_multi_vtb where ts >= (select first(lower_ts) from test_vtable_ts_pushdown_origin.bound_filter_t where group_id = 1) and ts < (select last(upper_ts) from test_vtable_ts_pushdown_origin.bound_filter_t where group_id = 1) order by ts;
                                                                                                                                                  QUERY_PLAN                                                                                                                                                  |
===============================================================================================================================================================================================================================================================================================================
 -> Sort input_order=asc output_order=asc  (columns=3 width=16)                                                                                                                                                                                                                                               |
       Output: columns=3 width=16                                                                                                                                                                                                                                                                             |
    -> Virtual Table Scan on ntb_multi_vtb (columns=3 width=16)                                                                                                                                                                                                                                               |
          Output: columns=3 width=16                                                                                                                                                                                                                                                                          |
       -> Data Exchange 1:1 (width=12)                                                                                                                                                                                                                                                                        |
             Output: columns=2 width=12                                                                                                                                                                                                                                                                       |
          -> Table Scan on ntb_1 (columns=2 width=12 order=[asc|1 desc|0] mode=ts_order data_load=data)                                                                                                                                                                                                       |
                Output: columns=2 width=12                                                                                                                                                                                                                                                                    |
                Time Range: [-9223372036854775808, 9223372036854775807]                                                                                                                                                                                                                                       |
                Primary Filter: ((`test_vtable_ts_pushdown_origin`.`ntb_1`.`` >= $(InitPlan 1)) AND (`test_vtable_ts_pushdown_origin`.`ntb_1`.`` < $(InitPlan 2)))                                                                                                                                            |
       -> Data Exchange 1:1 (width=12)                                                                                                                                                                                                                                                                        |
             Output: columns=2 width=12                                                                                                                                                                                                                                                                       |
          -> Table Scan on ntb_0 (columns=2 width=12 order=[asc|1 desc|0] mode=ts_order data_load=data)                                                                                                                                                                                                       |
                Output: columns=2 width=12                                                                                                                                                                                                                                                                    |
                Time Range: [-9223372036854775808, 9223372036854775807]                                                                                                                                                                                                                                       |
                Primary Filter: ((`test_vtable_ts_pushdown_origin`.`ntb_0`.`` >= $(InitPlan 1)) AND (`test_vtable_ts_pushdown_origin`.`ntb_0`.`` < $(InitPlan 2)))                                                                                                                                            |
    InitPlan 2                                                                                                                                                                                                                                                                                                |
       -> Aggregate (functions=1 width=8 input_order=desc)                                                                                                                                                                                                                                                    |
             Output: columns=1 width=8 blocking=1                                                                                                                                                                                                                                                             |
             Merge ResBlocks: True                                                                                                                                                                                                                                                                            |
          -> Table Scan on bound_filter_t (columns=3 width=20 order=[asc|0 desc|1] mode=ts_order data_load=data)                                                                                                                                                                                              |
                Output: columns=3 width=20                                                                                                                                                                                                                                                                    |
                Time Range: [-9223372036854775808, 9223372036854775807]                                                                                                                                                                                                                                       |
                Filter: conditions=(`test_vtable_ts_pushdown_origin`.`bound_filter_t`.`group_id` = 1)                                                                                                                                                                                                         |
    InitPlan 1                                                                                                                                                                                                                                                                                                |
       -> Aggregate (functions=1 width=8 input_order=asc)                                                                                                                                                                                                                                                     |
             Output: columns=1 width=8 blocking=1                                                                                                                                                                                                                                                             |
             Merge ResBlocks: True                                                                                                                                                                                                                                                                            |
          -> Table Scan on bound_filter_t (columns=3 width=20 order=[asc|1 desc|0] mode=ts_order data_load=data)                                                                                                                                                                                              |
                Output: columns=3 width=20                                                                                                                                                                                                                                                                    |
                Time Range: [-9223372036854775808, 9223372036854775807]                                                                                                                                                                                                                                       |
                Filter: conditions=(`test_vtable_ts_pushdown_origin`.`bound_filter_t`.`group_id` = 1)                                                                                                                                                                                                         |

taos> explain verbose true select * from test_vtable_ts_pushdown_vtb.vstb_0 where ts = (select first(exact_ts) from test_vtable_ts_pushdown_origin.bound_filter_t where group_id = 1) order by ts;
                                                                                                                                                  QUERY_PLAN                                                                                                                                                  |
===============================================================================================================================================================================================================================================================================================================
 -> Sort input_order=asc output_order=asc  (columns=3 width=16)                                                                                                                                                                                                                                               |
       Output: columns=3 width=16                                                                                                                                                                                                                                                                             |
    -> Dynamic Query Control for Virtual Stable Scan (columns=3 origin_vgroup_num=2 width=16 input_order=asc)                                                                                                                                                                                                 |
          Output: columns=3 width=16                                                                                                                                                                                                                                                                          |
       -> Virtual Table Scan on vstb_0 (columns=2 pseudo_columns=1 width=16)                                                                                                                                                                                                                                  |
             Output: columns=3 width=16                                                                                                                                                                                                                                                                       |
          -> Data Exchange 2:1 (width=4)                                                                                                                                                                                                                                                                      |
                Output: columns=1 width=4                                                                                                                                                                                                                                                                     |
             -> Tag Scan on vstb_0 (pseudo_columns=1 width=4)                                                                                                                                                                                                                                                 |
                   Output: columns=1 width=4                                                                                                                                                                                                                                                                  |
          -> Data Exchange 2:1 (width=16)                                                                                                                                                                                                                                                                     |
                Output: columns=3 width=16                                                                                                                                                                                                                                                                    |
             -> Table Scan on vstb_0 (columns=2 pseudo_columns=1 width=16 order=[asc|1 desc|0] mode=ts_order data_load=data)                                                                                                                                                                                  |
                   Output: columns=3 width=16                                                                                                                                                                                                                                                                 |
                   Time Range: [-9223372036854775808, 9223372036854775807]                                                                                                                                                                                                                                    |
                   Primary Filter: (`test_vtable_ts_pushdown_vtb`.`vstb_0`.`ts` = $(InitPlan 1))                                                                                                                                                                                                              |
       -> Data Exchange 4:1 (width=800)                                                                                                                                                                                                                                                                       |
             Output: columns=9 width=800                                                                                                                                                                                                                                                                      |
          -> System Table Scan on ins_virtual_child_columns (columns=9 width=800)                                                                                                                                                                                                                             |
                Output: columns=9 width=800                                                                                                                                                                                                                                                                   |
    InitPlan 1                                                                                                                                                                                                                                                                                                |
       -> Aggregate (functions=1 width=8 input_order=asc)                                                                                                                                                                                                                                                     |
             Output: columns=1 width=8 blocking=1                                                                                                                                                                                                                                                             |
             Merge ResBlocks: True                                                                                                                                                                                                                                                                            |
          -> Table Scan on bound_filter_t (columns=3 width=20 order=[asc|1 desc|0] mode=ts_order data_load=data)                                                                                                                                                                                              |
                Output: columns=3 width=20                                                                                                                                                                                                                                                                    |
                Time Range: [-9223372036854775808, 9223372036854775807]                                                                                                                                                                                                                                       |
                Filter: conditions=(`test_vtable_ts_pushdown_origin`.`bound_filter_t`.`group_id` = 1)                                                                                                                                                                                                         |

taos> explain verbose true select * from test_vtable_ts_pushdown_vtb.ctb_0_vtb where ts = (select last(exact_ts) from test_vtable_ts_pushdown_origin.bound_filter_t where group_id = 1) order by ts;
                                                                                                                                                  QUERY_PLAN                                                                                                                                                  |
===============================================================================================================================================================================================================================================================================================================
 -> Projection (columns=2 width=12 input_order=asc)                                                                                                                                                                                                                                                           |
       Output: columns=2 width=12                                                                                                                                                                                                                                                                             |
       Output: Ignore Group Id: true                                                                                                                                                                                                                                                                          |
       Merge ResBlocks: True                                                                                                                                                                                                                                                                                  |
    -> Table Scan on ctb_0 (columns=2 width=12 order=[asc|1 desc|0] mode=ts_order data_load=data)                                                                                                                                                                                                             |
          Output: columns=2 width=12                                                                                                                                                                                                                                                                          |
          Time Range: [-9223372036854775808, 9223372036854775807]                                                                                                                                                                                                                                             |
          Primary Filter: (`test_vtable_ts_pushdown_origin`.`ctb_0`.`` = $(InitPlan 1))                                                                                                                                                                                                                       |
    InitPlan 1                                                                                                                                                                                                                                                                                                |
       -> Aggregate (functions=1 width=8 input_order=desc)                                                                                                                                                                                                                                                    |
             Output: columns=1 width=8 blocking=1                                                                                                                                                                                                                                                             |
             Merge ResBlocks: True                                                                                                                                                                                                                                                                            |
          -> Table Scan on bound_filter_t (columns=3 width=20 order=[asc|0 desc|1] mode=ts_order data_load=data)                                                                                                                                                                                              |
                Output: columns=3 width=20                                                                                                                                                                                                                                                                    |
                Time Range: [-9223372036854775808, 9223372036854775807]                                                                                                                                                                                                                                       |
                Filter: conditions=(`test_vtable_ts_pushdown_origin`.`bound_filter_t`.`group_id` = 1)                                                                                                                                                                                                         |

