
taos> select abs(tinyint_col) from test_vtable_select.vtb_virtual_ntb_full limit 50;
 abs(tinyint_col) |
===================
               80 |
               44 |
               91 |
               25 |
               70 |
              106 |
              113 |
              109 |
                9 |
              102 |
                9 |
               89 |
               69 |
               10 |
               28 |
              101 |
               24 |
               97 |
              126 |
               10 |
               42 |
               20 |
              104 |
               12 |
               66 |
              102 |
               19 |
                8 |
               67 |
                8 |
               78 |
               43 |
               96 |
               35 |
               49 |
               26 |
               89 |
               52 |
              105 |
               63 |
               83 |
               76 |
               12 |
               83 |
               93 |
               35 |
              116 |
               28 |
               70 |
               96 |

taos> select acos(u_tinyint_col) from test_vtable_select.vtb_virtual_ntb_full limit 50;
    acos(u_tinyint_col)    |
============================
 NULL                      |
 NULL                      |
         0.000000000000000 |
 NULL                      |
 NULL                      |
 NULL                      |
 NULL                      |
 NULL                      |
 NULL                      |
 NULL                      |
 NULL                      |
 NULL                      |
 NULL                      |
 NULL                      |
 NULL                      |
 NULL                      |
 NULL                      |
 NULL                      |
 NULL                      |
 NULL                      |
 NULL                      |
 NULL                      |
 NULL                      |
 NULL                      |
 NULL                      |
 NULL                      |
 NULL                      |
 NULL                      |
 NULL                      |
 NULL                      |
 NULL                      |
 NULL                      |
 NULL                      |
 NULL                      |
 NULL                      |
 NULL                      |
 NULL                      |
 NULL                      |
 NULL                      |
 NULL                      |
 NULL                      |
 NULL                      |
 NULL                      |
 NULL                      |
 NULL                      |
 NULL                      |
 NULL                      |
 NULL                      |
 NULL                      |
 NULL                      |

taos> select asin(u_tinyint_col) from test_vtable_select.vtb_virtual_ntb_full limit 50;
    asin(u_tinyint_col)    |
============================
 NULL                      |
 NULL                      |
         1.570796326794897 |
 NULL                      |
 NULL                      |
 NULL                      |
 NULL                      |
 NULL                      |
 NULL                      |
 NULL                      |
 NULL                      |
 NULL                      |
 NULL                      |
 NULL                      |
 NULL                      |
 NULL                      |
 NULL                      |
 NULL                      |
 NULL                      |
 NULL                      |
 NULL                      |
 NULL                      |
 NULL                      |
 NULL                      |
 NULL                      |
 NULL                      |
 NULL                      |
 NULL                      |
 NULL                      |
 NULL                      |
 NULL                      |
 NULL                      |
 NULL                      |
 NULL                      |
 NULL                      |
 NULL                      |
 NULL                      |
 NULL                      |
 NULL                      |
 NULL                      |
 NULL                      |
 NULL                      |
 NULL                      |
 NULL                      |
 NULL                      |
 NULL                      |
 NULL                      |
 NULL                      |
 NULL                      |
 NULL                      |

taos> select atan(u_tinyint_col) from test_vtable_select.vtb_virtual_ntb_full limit 50;
    atan(u_tinyint_col)    |
============================
         1.536327225795389 |
         1.564467297378695 |
         0.785398163397448 |
         1.550390996108359 |
         1.557283635781568 |
         1.480136439594151 |
         1.557810043874724 |
         1.554924643803107 |
         1.566429542324490 |
         1.565668166620662 |
         1.530817639671607 |
         1.565301876591680 |
         1.565745864685824 |
         1.565448784185746 |
         1.560270399763171 |
         1.564623565690116 |
         1.553848796988492 |
         1.565114569754049 |
         1.557098553422031 |
         1.446441332248135 |
         1.512040504079174 |
         1.563550076814999 |
         1.487655094906455 |
         1.504228163019073 |
         1.559168943838513 |
         1.566166730241185 |
         1.555872061804812 |
         1.565918316705499 |
         1.566594670848025 |
         1.566429542324490 |
         1.549060619953104 |
         1.565146669391312 |
         1.564260472148965 |
         1.563803433789563 |
         1.564467297378695 |
         1.563389054863731 |
         1.565965446500920 |
         1.566410390006104 |
         1.557639191322141 |
         1.566697989085048 |
         1.373400766945016 |
         1.544486609541974 |
         1.559927189617626 |
         1.566576942551893 |
         1.565331900310409 |
         1.565720228261598 |
         1.560487413648653 |
         1.566828093655863 |
         1.555872061804812 |
         1.560895660206908 |

taos> select ceil(tinyint_col) from test_vtable_select.vtb_virtual_ntb_full limit 50;
 ceil(tinyint_col) |
====================
                80 |
                44 |
               -91 |
                25 |
                70 |
              -106 |
              -113 |
               109 |
                -9 |
              -102 |
                 9 |
                89 |
               -69 |
                10 |
               -28 |
              -101 |
                24 |
                97 |
               126 |
                10 |
                42 |
                20 |
              -104 |
                12 |
               -66 |
               102 |
                19 |
                 8 |
                67 |
                 8 |
                78 |
               -43 |
                96 |
                35 |
               -49 |
               -26 |
               -89 |
                52 |
               105 |
                63 |
               -83 |
               -76 |
               -12 |
               -83 |
               -93 |
                35 |
              -116 |
               -28 |
                70 |
                96 |

taos> select cos(u_tinyint_col) from test_vtable_select.vtb_virtual_ntb_full limit 50;
    cos(u_tinyint_col)     |
============================
        -0.748057529689000 |
         0.605527874986990 |
         0.540302305868140 |
         0.300592543743637 |
         0.171717341830778 |
         0.004425697988051 |
        -0.030975031731216 |
         0.985896581582550 |
        -0.943994086083478 |
         0.975622697919444 |
         0.991202811863474 |
         0.977533294705597 |
        -0.996828594969431 |
         0.075166150008193 |
         0.730173560994820 |
         0.206482229337811 |
        -0.771080222975845 |
         0.997493920327152 |
        -0.736192718227316 |
        -0.145500033808614 |
        -0.275163338051597 |
         0.973648893049518 |
         0.843853958732492 |
        -0.759687912858821 |
        -0.383698444949742 |
        -0.717985083969714 |
        -0.517769799789505 |
        -0.699229256672974 |
         0.724117986869930 |
        -0.943994086083478 |
        -0.432177944884778 |
         0.479412311470322 |
        -0.591369684144325 |
         0.057502525349124 |
         0.605527874986990 |
        -0.996087835141185 |
         0.941036507442989 |
        -0.232388421228523 |
         0.824331331107558 |
         0.502570380261423 |
         0.283662185463226 |
         0.955073644047295 |
        -0.626444447910339 |
        -0.189099820129863 |
         0.705529644294206 |
        -0.605551864314651 |
        -0.925147536596414 |
         0.782212109942271 |
        -0.517769799789505 |
         0.892004869788160 |

taos> select floor(tinyint_col) from test_vtable_select.vtb_virtual_ntb_full limit 50;
 floor(tinyint_col) |
=====================
                 80 |
                 44 |
                -91 |
                 25 |
                 70 |
               -106 |
               -113 |
                109 |
                 -9 |
               -102 |
                  9 |
                 89 |
                -69 |
                 10 |
                -28 |
               -101 |
                 24 |
                 97 |
                126 |
                 10 |
                 42 |
                 20 |
               -104 |
                 12 |
                -66 |
                102 |
                 19 |
                  8 |
                 67 |
                  8 |
                 78 |
                -43 |
                 96 |
                 35 |
                -49 |
                -26 |
                -89 |
                 52 |
                105 |
                 63 |
                -83 |
                -76 |
                -12 |
                -83 |
                -93 |
                 35 |
               -116 |
                -28 |
                 70 |
                 96 |

taos> select log(tinyint_col) from test_vtable_select.vtb_virtual_ntb_full limit 50;
     log(tinyint_col)      |
============================
         4.382026634673881 |
         3.784189633918261 |
 NULL                      |
         3.218875824868201 |
         4.248495242049359 |
 NULL                      |
 NULL                      |
         4.691347882229143 |
 NULL                      |
 NULL                      |
         2.197224577336220 |
         4.488636369732140 |
 NULL                      |
         2.302585092994046 |
 NULL                      |
 NULL                      |
         3.178053830347946 |
         4.574710978503383 |
         4.836281906951478 |
         2.302585092994046 |
         3.737669618283368 |
         2.995732273553991 |
 NULL                      |
         2.484906649788000 |
 NULL                      |
         4.624972813284271 |
         2.944438979166440 |
         2.079441541679836 |
         4.204692619390966 |
         2.079441541679836 |
         4.356708826689592 |
 NULL                      |
         4.564348191467836 |
         3.555348061489414 |
 NULL                      |
 NULL                      |
 NULL                      |
         3.951243718581428 |
         4.653960350157523 |
         4.143134726391533 |
 NULL                      |
 NULL                      |
 NULL                      |
 NULL                      |
 NULL                      |
         3.555348061489414 |
 NULL                      |
 NULL                      |
         4.248495242049359 |
         4.564348191467836 |

taos> select pow(tinyint_col, 2) from test_vtable_select.vtb_virtual_ntb_full limit 50;
    pow(tinyint_col, 2)    |
============================
      6400.000000000000000 |
      1936.000000000000000 |
      8281.000000000000000 |
       625.000000000000000 |
      4900.000000000000000 |
     11236.000000000000000 |
     12769.000000000000000 |
     11881.000000000000000 |
        81.000000000000000 |
     10404.000000000000000 |
        81.000000000000000 |
      7921.000000000000000 |
      4761.000000000000000 |
       100.000000000000000 |
       784.000000000000000 |
     10201.000000000000000 |
       576.000000000000000 |
      9409.000000000000000 |
     15876.000000000000000 |
       100.000000000000000 |
      1764.000000000000000 |
       400.000000000000000 |
     10816.000000000000000 |
       144.000000000000000 |
      4356.000000000000000 |
     10404.000000000000000 |
       361.000000000000000 |
        64.000000000000000 |
      4489.000000000000000 |
        64.000000000000000 |
      6084.000000000000000 |
      1849.000000000000000 |
      9216.000000000000000 |
      1225.000000000000000 |
      2401.000000000000000 |
       676.000000000000000 |
      7921.000000000000000 |
      2704.000000000000000 |
     11025.000000000000000 |
      3969.000000000000000 |
      6889.000000000000000 |
      5776.000000000000000 |
       144.000000000000000 |
      6889.000000000000000 |
      8649.000000000000000 |
      1225.000000000000000 |
     13456.000000000000000 |
       784.000000000000000 |
      4900.000000000000000 |
      9216.000000000000000 |

taos> select round(double_col) from test_vtable_select.vtb_virtual_ntb_full limit 50;
     round(double_col)     |
============================
  73495721.000000000000000 |
  34582987.000000000000000 |
  94762575.000000000000000 |
   4540043.000000000000000 |
 -16761361.000000000000000 |
 -29472171.000000000000000 |
  18127464.000000000000000 |
  20245732.000000000000000 |
 -92954067.000000000000000 |
 -63915769.000000000000000 |
 -90274062.000000000000000 |
  23650963.000000000000000 |
  22941054.000000000000000 |
  21727909.000000000000000 |
 -11226521.000000000000000 |
  31137660.000000000000000 |
  58787061.000000000000000 |
  69329733.000000000000000 |
 -12458280.000000000000000 |
  55384136.000000000000000 |
  27402214.000000000000000 |
 -44610868.000000000000000 |
  47856371.000000000000000 |
 -28575795.000000000000000 |
  78716790.000000000000000 |
 -34986986.000000000000000 |
  60793212.000000000000000 |
  -7254839.000000000000000 |
  46182784.000000000000000 |
 -73802555.000000000000000 |
  -8400114.000000000000000 |
 -80319915.000000000000000 |
 -31269743.000000000000000 |
  34104100.000000000000000 |
  76151695.000000000000000 |
  71574371.000000000000000 |
 -73467091.000000000000000 |
 -64646595.000000000000000 |
  27690931.000000000000000 |
  78461431.000000000000000 |
 -28606995.000000000000000 |
 -25996011.000000000000000 |
 -49778939.000000000000000 |
   4868902.000000000000000 |
 -68686170.000000000000000 |
 -27213765.000000000000000 |
 -23860370.000000000000000 |
  81414857.000000000000000 |
 -57838008.000000000000000 |
 -26184572.000000000000000 |

taos> select sin(u_tinyint_col) from test_vtable_select.vtb_virtual_ntb_full limit 50;
    sin(u_tinyint_col)     |
============================
        -0.663633884212968 |
         0.795824096527455 |
         0.841470984807897 |
        -0.953752652759472 |
        -0.985146260468247 |
        -0.999990206550703 |
         0.999520158580731 |
         0.167355700302807 |
         0.329962369732397 |
         0.219454667994064 |
        -0.132351750097773 |
        -0.210781065900192 |
        -0.079578591664284 |
        -0.997171023392149 |
         0.683261714736121 |
        -0.978450350793380 |
         0.636738007139138 |
         0.070752236080345 |
        -0.676771956887308 |
         0.989358246623382 |
        -0.961397491879557 |
        -0.228052259500861 |
        -0.536572918000435 |
         0.650287840157117 |
        -0.923458447004060 |
         0.696058488344911 |
        -0.855519978975322 |
        -0.714897507767764 |
        -0.689676113180267 |
         0.329962369732397 |
         0.901788347648809 |
         0.877589787777116 |
         0.806400580775486 |
        -0.998345360873918 |
         0.795824096527455 |
         0.088368686104001 |
        -0.338305027540978 |
         0.972623062485624 |
         0.566107636898180 |
        -0.864536299344272 |
        -0.958924274663138 |
         0.296368578709385 |
        -0.779466069615805 |
        -0.981957869782025 |
         0.708680408239208 |
         0.795805842919647 |
         0.379607739027522 |
         0.623012211003653 |
        -0.855519978975322 |
         0.452025787178351 |

taos> select sqrt(u_tinyint_col) from test_vtable_select.vtb_virtual_ntb_full limit 50;
    sqrt(u_tinyint_col)    |
============================
         5.385164807134504 |
        12.569805089976535 |
         1.000000000000000 |
         7.000000000000000 |
         8.602325267042627 |
         3.316624790355400 |
         8.774964387392123 |
         7.937253933193772 |
        15.132745950421556 |
        13.964240043768941 |
         5.000000000000000 |
        13.490737563232042 |
        14.071247279470288 |
        13.674794331177344 |
         9.746794344808963 |
        12.727922061357855 |
         7.681145747868608 |
        13.266499161421599 |
         8.544003745317530 |
         2.828427124746190 |
         4.123105625617661 |
        11.747340124470730 |
         3.464101615137754 |
         3.872983346207417 |
         9.273618495495704 |
        14.696938456699069 |
         8.185352771872450 |
        14.317821063276353 |
        15.427248620541512 |
        15.132745950421556 |
         6.782329983125268 |
        13.304134695650070 |
        12.369316876852981 |
        11.958260743101398 |
        12.569805089976535 |
        11.618950038622250 |
        14.387494569938159 |
        15.099668870541500 |
         8.717797887081348 |
        15.620499351813308 |
         2.236067977499790 |
         6.164414002968976 |
         9.591663046625438 |
        15.394804318340652 |
        13.527749258468683 |
        14.035668847618199 |
         9.848857801796104 |
        15.874507866387544 |
         8.185352771872450 |
        10.049875621120890 |

taos> select tan(u_tinyint_col) from test_vtable_select.vtb_virtual_ntb_full limit 50;
    tan(u_tinyint_col)     |
============================
         0.887142843798215 |
         1.314265006453343 |
         1.557407724654902 |
        -3.172908552159191 |
        -5.737022539278999 |
      -225.950846454195130 |
       -32.268575775934416 |
         0.169749752082688 |
        -0.349538598383993 |
         0.224938050808022 |
        -0.133526407021536 |
        -0.215625459553961 |
         0.079831770542983 |
       -13.266224534360950 |
         0.935752472063239 |
        -4.738666150260348 |
        -0.825774009196815 |
         0.070929992292224 |
         0.919286404403608 |
        -6.799711455220379 |
         3.493915645474840 |
        -0.234224329867607 |
        -0.635859928661581 |
        -0.855993400908519 |
         2.406729709642210 |
        -0.969460931550875 |
         1.652317264010235 |
         1.022407888321696 |
        -0.952436102521716 |
        -0.349538598383993 |
        -2.086613531121382 |
         1.830553297819184 |
        -1.363615015102267 |
       -17.361765501819360 |
         1.314265006453343 |
        -0.088715756770060 |
        -0.359502553689686 |
        -4.185333577911702 |
         0.686747689351523 |
        -1.720229311752444 |
        -3.380515006246586 |
         0.310309660994801 |
         1.244270058128709 |
         5.192801712384870 |
         1.004465813691152 |
        -1.314182797241192 |
        -0.410321299048242 |
         0.796474770826078 |
         1.652317264010235 |
         0.506752600224818 |

taos> select PI() from test_vtable_select.vtb_virtual_ntb_full limit 50;

taos> select PI(), u_tinyint_col from test_vtable_select.vtb_virtual_ntb_full limit 50;
           pi()            | u_tinyint_col |
============================================
         3.141592653589793 |            29 |
         3.141592653589793 |           158 |
         3.141592653589793 |             1 |
         3.141592653589793 |            49 |
         3.141592653589793 |            74 |
         3.141592653589793 |            11 |
         3.141592653589793 |            77 |
         3.141592653589793 |            63 |
         3.141592653589793 |           229 |
         3.141592653589793 |           195 |
         3.141592653589793 |            25 |
         3.141592653589793 |           182 |
         3.141592653589793 |           198 |
         3.141592653589793 |           187 |
         3.141592653589793 |            95 |
         3.141592653589793 |           162 |
         3.141592653589793 |            59 |
         3.141592653589793 |           176 |
         3.141592653589793 |            73 |
         3.141592653589793 |             8 |
         3.141592653589793 |            17 |
         3.141592653589793 |           138 |
         3.141592653589793 |            12 |
         3.141592653589793 |            15 |
         3.141592653589793 |            86 |
         3.141592653589793 |           216 |
         3.141592653589793 |            67 |
         3.141592653589793 |           205 |
         3.141592653589793 |           238 |
         3.141592653589793 |           229 |
         3.141592653589793 |            46 |
         3.141592653589793 |           177 |
         3.141592653589793 |           153 |
         3.141592653589793 |           143 |
         3.141592653589793 |           158 |
         3.141592653589793 |           135 |
         3.141592653589793 |           207 |
         3.141592653589793 |           228 |
         3.141592653589793 |            76 |
         3.141592653589793 |           244 |
         3.141592653589793 |             5 |
         3.141592653589793 |            38 |
         3.141592653589793 |            92 |
         3.141592653589793 |           237 |
         3.141592653589793 |           183 |
         3.141592653589793 |           197 |
         3.141592653589793 |            97 |
         3.141592653589793 |           252 |
         3.141592653589793 |            67 |
         3.141592653589793 |           101 |

taos> select exp(tinyint_col) from test_vtable_select.vtb_virtual_ntb_full limit 50;
     exp(tinyint_col)      |
============================
     5.540622384393510e+34 |
     1.285160011435931e+19 |
         0.000000000000000 |
     7.200489933738588e+10 |
     2.515438670919167e+30 |
         0.000000000000000 |
         0.000000000000000 |
     2.178203880729021e+47 |
         0.000123409804087 |
         0.000000000000000 |
      8103.083927575384223 |
     4.489612819174346e+38 |
         0.000000000000000 |
     22026.465794806717895 |
         0.000000000000691 |
         0.000000000000000 |
     2.648912212984347e+10 |
     1.338334719204270e+42 |
     5.261441182666386e+54 |
     22026.465794806717895 |
     1.739274941520501e+18 |
 485165195.409790277481079 |
         0.000000000000000 |
    162754.791419003915507 |
         0.000000000000000 |
     1.986264836137654e+44 |
 178482300.963187247514725 |
      2980.957987041728302 |
     1.252363170842214e+29 |
      2980.957987041728302 |
     7.498416996990121e+33 |
         0.000000000000000 |
     4.923458286012058e+41 |
     1.586013452313431e+15 |
         0.000000000000000 |
         0.000000000005109 |
         0.000000000000000 |
     3.831008000716577e+22 |
     3.989519570547216e+45 |
     2.293783159469610e+27 |
         0.000000000000000 |
         0.000000000000000 |
         0.000006144212353 |
         0.000000000000000 |
         0.000000000000000 |
     1.586013452313431e+15 |
         0.000000000000000 |
         0.000000000000691 |
     2.515438670919167e+30 |
     4.923458286012058e+41 |

taos> select ln(tinyint_col) from test_vtable_select.vtb_virtual_ntb_full limit 50;
      ln(tinyint_col)      |
============================
         4.382026634673881 |
         3.784189633918261 |
 NULL                      |
         3.218875824868201 |
         4.248495242049359 |
 NULL                      |
 NULL                      |
         4.691347882229143 |
 NULL                      |
 NULL                      |
         2.197224577336220 |
         4.488636369732140 |
 NULL                      |
         2.302585092994046 |
 NULL                      |
 NULL                      |
         3.178053830347946 |
         4.574710978503383 |
         4.836281906951478 |
         2.302585092994046 |
         3.737669618283368 |
         2.995732273553991 |
 NULL                      |
         2.484906649788000 |
 NULL                      |
         4.624972813284271 |
         2.944438979166440 |
         2.079441541679836 |
         4.204692619390966 |
         2.079441541679836 |
         4.356708826689592 |
 NULL                      |
         4.564348191467836 |
         3.555348061489414 |
 NULL                      |
 NULL                      |
 NULL                      |
         3.951243718581428 |
         4.653960350157523 |
         4.143134726391533 |
 NULL                      |
 NULL                      |
 NULL                      |
 NULL                      |
 NULL                      |
         3.555348061489414 |
 NULL                      |
 NULL                      |
         4.248495242049359 |
         4.564348191467836 |

taos> select mod(tinyint_col, 10) from test_vtable_select.vtb_virtual_ntb_full limit 50;
   mod(tinyint_col, 10)    |
============================
         0.000000000000000 |
         4.000000000000000 |
        -1.000000000000000 |
         5.000000000000000 |
         0.000000000000000 |
        -6.000000000000000 |
        -3.000000000000000 |
         9.000000000000000 |
        -9.000000000000000 |
        -2.000000000000000 |
         9.000000000000000 |
         9.000000000000000 |
        -9.000000000000000 |
         0.000000000000000 |
        -8.000000000000000 |
        -1.000000000000000 |
         4.000000000000000 |
         7.000000000000000 |
         6.000000000000000 |
         0.000000000000000 |
         2.000000000000000 |
         0.000000000000000 |
        -4.000000000000000 |
         2.000000000000000 |
        -6.000000000000000 |
         2.000000000000000 |
         9.000000000000000 |
         8.000000000000000 |
         7.000000000000000 |
         8.000000000000000 |
         8.000000000000000 |
        -3.000000000000000 |
         6.000000000000000 |
         5.000000000000000 |
        -9.000000000000000 |
        -6.000000000000000 |
        -9.000000000000000 |
         2.000000000000000 |
         5.000000000000000 |
         3.000000000000000 |
        -3.000000000000000 |
        -6.000000000000000 |
        -2.000000000000000 |
        -3.000000000000000 |
        -3.000000000000000 |
         5.000000000000000 |
        -6.000000000000000 |
        -8.000000000000000 |
         0.000000000000000 |
         6.000000000000000 |

taos> select sign(tinyint_col) from test_vtable_select.vtb_virtual_ntb_full limit 50;
 sign(tinyint_col) |
====================
                 1 |
                 1 |
                -1 |
                 1 |
                 1 |
                -1 |
                -1 |
                 1 |
                -1 |
                -1 |
                 1 |
                 1 |
                -1 |
                 1 |
                -1 |
                -1 |
                 1 |
                 1 |
                 1 |
                 1 |
                 1 |
                 1 |
                -1 |
                 1 |
                -1 |
                 1 |
                 1 |
                 1 |
                 1 |
                 1 |
                 1 |
                -1 |
                 1 |
                 1 |
                -1 |
                -1 |
                -1 |
                 1 |
                 1 |
                 1 |
                -1 |
                -1 |
                -1 |
                -1 |
                -1 |
                 1 |
                -1 |
                -1 |
                 1 |
                 1 |

taos> select degrees(u_tinyint_col) from test_vtable_select.vtb_virtual_ntb_full limit 50;
  degrees(u_tinyint_col)   |
============================
      1661.577605879387420 |
      9052.733163067006899 |
        57.295779513082323 |
      2807.493196141033877 |
      4239.887683968091551 |
       630.253574643905608 |
      4411.775022507339600 |
      3609.634109324186284 |
     13120.733508495852220 |
     11172.677005051053129 |
      1432.394487827058128 |
     10427.831871380982193 |
     11344.564343590300268 |
     10714.310768946394091 |
      5443.099053742820615 |
      9281.916281119336418 |
      3380.450991271857220 |
     10084.057194302489734 |
      4182.591904455009171 |
       458.366236104658583 |
       974.028251722399432 |
      7906.817572805360214 |
       687.549354156987874 |
       859.436692696234900 |
      4927.437038125080107 |
     12375.888374825783103 |
      3838.817227376515802 |
     11745.634800181876926 |
     13636.395524113593638 |
     13120.733508495852220 |
      2635.605857601786738 |
     10141.352973815572113 |
      8766.254265501596819 |
      8193.296470370771203 |
      9052.733163067006899 |
      7734.930234266113985 |
     11860.226359208041686 |
     13063.437728982771660 |
      4354.479242994257220 |
     13980.170201192087916 |
       286.478897565411614 |
      2177.239621497128610 |
      5271.211715203573476 |
     13579.099744600509439 |
     10485.127650894064573 |
     11287.268564077217889 |
      5557.690612768985375 |
     14438.536437296745135 |
      3838.817227376515802 |
      5786.873730821313984 |

taos> select radians(u_tinyint_col) from test_vtable_select.vtb_virtual_ntb_full limit 50;
  radians(u_tinyint_col)   |
============================
         0.506145483078356 |
         2.757620218151041 |
         0.017453292519943 |
         0.855211333477221 |
         1.291543646475804 |
         0.191986217719376 |
         1.343903524035634 |
         1.099557428756428 |
         3.996803987067014 |
         3.403392041388942 |
         0.436332312998582 |
         3.176499238629680 |
         3.455751918948773 |
         3.263765701229397 |
         1.658062789394613 |
         2.827433388230814 |
         1.029744258676654 |
         3.071779483510020 |
         1.274090353955861 |
         0.139626340159546 |
         0.296705972839036 |
         2.408554367752175 |
         0.209439510239320 |
         0.261799387799149 |
         1.500983156715124 |
         3.769911184307752 |
         1.169370598836201 |
         3.577924966588375 |
         4.153883619746504 |
         3.996803987067014 |
         0.802851455917391 |
         3.089232776029963 |
         2.670353755551324 |
         2.495820830351891 |
         2.757620218151041 |
         2.356194490192345 |
         3.612831551628262 |
         3.979350694547071 |
         1.326450231515691 |
         4.258603374866164 |
         0.087266462599716 |
         0.663225115757845 |
         1.605702911834783 |
         4.136430327226561 |
         3.193952531149623 |
         3.438298626428829 |
         1.692969374434500 |
         4.398229715025710 |
         1.169370598836201 |
         1.762782544514273 |

taos> select char_length(binary_16_col) from test_vtable_select.vtb_virtual_ntb_full limit 50;
 char_length(binary_16_col) |
=============================
                          9 |
                         11 |
                         10 |
                          9 |
                          9 |
                         13 |
                         13 |
                          8 |
                          9 |
                         10 |
                          9 |
                         10 |
                         13 |
                         13 |
                          8 |
                          9 |
                         13 |
                          9 |
                         11 |
                          8 |
                          9 |
                          9 |
                          9 |
                          9 |
                         10 |
                          8 |
                         10 |
                         13 |
                         10 |
                          8 |
                          8 |
                         11 |
                          8 |
                          9 |
                         13 |
                         13 |
                          9 |
                          9 |
                          9 |
                         13 |
                         13 |
                          8 |
                          8 |
                         13 |
                          9 |
                          9 |
                          9 |
                          9 |
                         11 |
                         11 |

taos> select concat(binary_16_col, binary_32_col) from test_vtable_select.vtb_virtual_ntb_full limit 50;
 concat(binary_16_col, binary_32_col) |
=======================================
 San DiegoShanghai - Los Angles       |
 NULL                                 |
 NULL                                 |
 NULL                                 |
 NULL                                 |
 NULL                                 |
 Los AnglesHarbin - Campbell          |
 NULL                                 |
 NULL                                 |
 NULL                                 |
 NULL                                 |
 NULL                                 |
 CupertinoHarbin - Campbell           |
 NULL                                 |
 NULL                                 |
 NULL                                 |
 NULL                                 |
 NULL                                 |
 San FranciscoXian - Sunnyvale        |
 NULL                                 |
 NULL                                 |
 NULL                                 |
 NULL                                 |
 NULL                                 |
 SunnyvaleHong Kong - Palo Alto       |
 NULL                                 |
 NULL                                 |
 NULL                                 |
 NULL                                 |
 NULL                                 |
 Palo AltoChengdu - San Jose          |
 NULL                                 |
 NULL                                 |
 NULL                                 |
 NULL                                 |
 NULL                                 |
 Mountain ViewHangzhou - San Diego    |
 NULL                                 |
 NULL                                 |
 NULL                                 |
 NULL                                 |
 NULL                                 |
 San JoseHangzhou - San Diego         |
 NULL                                 |
 NULL                                 |
 NULL                                 |
 NULL                                 |
 NULL                                 |
 San FranciscoBeijing - San Francisco |
 NULL                                 |

taos> select concat_ws(' ', binary_16_col, binary_32_col) from test_vtable_select.vtb_virtual_ntb_full limit 50;
 concat_ws(' ', binary_16_col, binary_32_col) |
===============================================
 San Diego Shanghai - Los Angles              |
 NULL                                         |
 NULL                                         |
 NULL                                         |
 NULL                                         |
 NULL                                         |
 Los Angles Harbin - Campbell                 |
 NULL                                         |
 NULL                                         |
 NULL                                         |
 NULL                                         |
 NULL                                         |
 Cupertino Harbin - Campbell                  |
 NULL                                         |
 NULL                                         |
 NULL                                         |
 NULL                                         |
 NULL                                         |
 San Francisco Xian - Sunnyvale               |
 NULL                                         |
 NULL                                         |
 NULL                                         |
 NULL                                         |
 NULL                                         |
 Sunnyvale Hong Kong - Palo Alto              |
 NULL                                         |
 NULL                                         |
 NULL                                         |
 NULL                                         |
 NULL                                         |
 Palo Alto Chengdu - San Jose                 |
 NULL                                         |
 NULL                                         |
 NULL                                         |
 NULL                                         |
 NULL                                         |
 Mountain View Hangzhou - San Diego           |
 NULL                                         |
 NULL                                         |
 NULL                                         |
 NULL                                         |
 NULL                                         |
 San Jose Hangzhou - San Diego                |
 NULL                                         |
 NULL                                         |
 NULL                                         |
 NULL                                         |
 NULL                                         |
 San Francisco Beijing - San Francisco        |
 NULL                                         |

taos> select length(binary_16_col) from test_vtable_select.vtb_virtual_ntb_full limit 50;
 length(binary_16_col) |
========================
                     9 |
                    11 |
                    10 |
                     9 |
                     9 |
                    13 |
                    13 |
                     8 |
                     9 |
                    10 |
                     9 |
                    10 |
                    13 |
                    13 |
                     8 |
                     9 |
                    13 |
                     9 |
                    11 |
                     8 |
                     9 |
                     9 |
                     9 |
                     9 |
                    10 |
                     8 |
                    10 |
                    13 |
                    10 |
                     8 |
                     8 |
                    11 |
                     8 |
                     9 |
                    13 |
                    13 |
                     9 |
                     9 |
                     9 |
                    13 |
                    13 |
                     8 |
                     8 |
                    13 |
                     9 |
                     9 |
                     9 |
                     9 |
                    11 |
                    11 |

taos> select lower(binary_32_col) from test_vtable_select.vtb_virtual_ntb_full limit 50;
      lower(binary_32_col)      |
=================================
 shanghai - los angles          |
 xian - sunnyvale               |
 taiyuan - santa clara          |
 shanghai - los angles          |
 shanghai - los angles          |
 harbin - campbell              |
 shanghai - los angles          |
 hong kong - palo alto          |
 chengdu - san jose             |
 beijing - san francisco        |
 harbin - campbell              |
 hong kong - palo alto          |
 xian - sunnyvale               |
 shanghai - los angles          |
 hong kong - palo alto          |
 xian - sunnyvale               |
 hong kong - palo alto          |
 chengdu - san jose             |
 xian - sunnyvale               |
 xian - sunnyvale               |
 hong kong - palo alto          |
 xian - sunnyvale               |
 chengdu - san jose             |
 taiyuan - santa clara          |
 hong kong - palo alto          |
 chengdu - san jose             |
 hong kong - palo alto          |
 beijing - san francisco        |
 tianjin - mountain view        |
 xian - sunnyvale               |
 hangzhou - san diego           |
 chengdu - san jose             |
 shanghai - los angles          |
 hangzhou - san diego           |
 xian - sunnyvale               |
 hangzhou - san diego           |
 shijiazhuang - cupertino       |
 shijiazhuang - cupertino       |
 harbin - campbell              |
 chengdu - san jose             |
 beijing - san francisco        |
 shanghai - los angles          |
 hangzhou - san diego           |
 hangzhou - san diego           |
 taiyuan - santa clara          |
 shijiazhuang - cupertino       |
 chengdu - san jose             |
 chengdu - san jose             |
 shanghai - los angles          |
 tianjin - mountain view        |

taos> select upper(binary_32_col) from test_vtable_select.vtb_virtual_ntb_full limit 50;
      upper(binary_32_col)      |
=================================
 SHANGHAI - LOS ANGLES          |
 XIAN - SUNNYVALE               |
 TAIYUAN - SANTA CLARA          |
 SHANGHAI - LOS ANGLES          |
 SHANGHAI - LOS ANGLES          |
 HARBIN - CAMPBELL              |
 SHANGHAI - LOS ANGLES          |
 HONG KONG - PALO ALTO          |
 CHENGDU - SAN JOSE             |
 BEIJING - SAN FRANCISCO        |
 HARBIN - CAMPBELL              |
 HONG KONG - PALO ALTO          |
 XIAN - SUNNYVALE               |
 SHANGHAI - LOS ANGLES          |
 HONG KONG - PALO ALTO          |
 XIAN - SUNNYVALE               |
 HONG KONG - PALO ALTO          |
 CHENGDU - SAN JOSE             |
 XIAN - SUNNYVALE               |
 XIAN - SUNNYVALE               |
 HONG KONG - PALO ALTO          |
 XIAN - SUNNYVALE               |
 CHENGDU - SAN JOSE             |
 TAIYUAN - SANTA CLARA          |
 HONG KONG - PALO ALTO          |
 CHENGDU - SAN JOSE             |
 HONG KONG - PALO ALTO          |
 BEIJING - SAN FRANCISCO        |
 TIANJIN - MOUNTAIN VIEW        |
 XIAN - SUNNYVALE               |
 HANGZHOU - SAN DIEGO           |
 CHENGDU - SAN JOSE             |
 SHANGHAI - LOS ANGLES          |
 HANGZHOU - SAN DIEGO           |
 XIAN - SUNNYVALE               |
 HANGZHOU - SAN DIEGO           |
 SHIJIAZHUANG - CUPERTINO       |
 SHIJIAZHUANG - CUPERTINO       |
 HARBIN - CAMPBELL              |
 CHENGDU - SAN JOSE             |
 BEIJING - SAN FRANCISCO        |
 SHANGHAI - LOS ANGLES          |
 HANGZHOU - SAN DIEGO           |
 HANGZHOU - SAN DIEGO           |
 TAIYUAN - SANTA CLARA          |
 SHIJIAZHUANG - CUPERTINO       |
 CHENGDU - SAN JOSE             |
 CHENGDU - SAN JOSE             |
 SHANGHAI - LOS ANGLES          |
 TIANJIN - MOUNTAIN VIEW        |

taos> select ltrim(binary_32_col) from test_vtable_select.vtb_virtual_ntb_full limit 50;
      ltrim(binary_32_col)      |
=================================
 Shanghai - Los Angles          |
 Xian - Sunnyvale               |
 Taiyuan - Santa Clara          |
 Shanghai - Los Angles          |
 Shanghai - Los Angles          |
 Harbin - Campbell              |
 Shanghai - Los Angles          |
 Hong Kong - Palo Alto          |
 Chengdu - San Jose             |
 Beijing - San Francisco        |
 Harbin - Campbell              |
 Hong Kong - Palo Alto          |
 Xian - Sunnyvale               |
 Shanghai - Los Angles          |
 Hong Kong - Palo Alto          |
 Xian - Sunnyvale               |
 Hong Kong - Palo Alto          |
 Chengdu - San Jose             |
 Xian - Sunnyvale               |
 Xian - Sunnyvale               |
 Hong Kong - Palo Alto          |
 Xian - Sunnyvale               |
 Chengdu - San Jose             |
 Taiyuan - Santa Clara          |
 Hong Kong - Palo Alto          |
 Chengdu - San Jose             |
 Hong Kong - Palo Alto          |
 Beijing - San Francisco        |
 Tianjin - Mountain View        |
 Xian - Sunnyvale               |
 Hangzhou - San Diego           |
 Chengdu - San Jose             |
 Shanghai - Los Angles          |
 Hangzhou - San Diego           |
 Xian - Sunnyvale               |
 Hangzhou - San Diego           |
 Shijiazhuang - Cupertino       |
 Shijiazhuang - Cupertino       |
 Harbin - Campbell              |
 Chengdu - San Jose             |
 Beijing - San Francisco        |
 Shanghai - Los Angles          |
 Hangzhou - San Diego           |
 Hangzhou - San Diego           |
 Taiyuan - Santa Clara          |
 Shijiazhuang - Cupertino       |
 Chengdu - San Jose             |
 Chengdu - San Jose             |
 Shanghai - Los Angles          |
 Tianjin - Mountain View        |

taos> select rtrim(binary_32_col) from test_vtable_select.vtb_virtual_ntb_full limit 50;
      rtrim(binary_32_col)      |
=================================
 Shanghai - Los Angles          |
 Xian - Sunnyvale               |
 Taiyuan - Santa Clara          |
 Shanghai - Los Angles          |
 Shanghai - Los Angles          |
 Harbin - Campbell              |
 Shanghai - Los Angles          |
 Hong Kong - Palo Alto          |
 Chengdu - San Jose             |
 Beijing - San Francisco        |
 Harbin - Campbell              |
 Hong Kong - Palo Alto          |
 Xian - Sunnyvale               |
 Shanghai - Los Angles          |
 Hong Kong - Palo Alto          |
 Xian - Sunnyvale               |
 Hong Kong - Palo Alto          |
 Chengdu - San Jose             |
 Xian - Sunnyvale               |
 Xian - Sunnyvale               |
 Hong Kong - Palo Alto          |
 Xian - Sunnyvale               |
 Chengdu - San Jose             |
 Taiyuan - Santa Clara          |
 Hong Kong - Palo Alto          |
 Chengdu - San Jose             |
 Hong Kong - Palo Alto          |
 Beijing - San Francisco        |
 Tianjin - Mountain View        |
 Xian - Sunnyvale               |
 Hangzhou - San Diego           |
 Chengdu - San Jose             |
 Shanghai - Los Angles          |
 Hangzhou - San Diego           |
 Xian - Sunnyvale               |
 Hangzhou - San Diego           |
 Shijiazhuang - Cupertino       |
 Shijiazhuang - Cupertino       |
 Harbin - Campbell              |
 Chengdu - San Jose             |
 Beijing - San Francisco        |
 Shanghai - Los Angles          |
 Hangzhou - San Diego           |
 Hangzhou - San Diego           |
 Taiyuan - Santa Clara          |
 Shijiazhuang - Cupertino       |
 Chengdu - San Jose             |
 Chengdu - San Jose             |
 Shanghai - Los Angles          |
 Tianjin - Mountain View        |

taos> select substring(nchar_32_col, 1, 5) from test_vtable_select.vtb_virtual_ntb_full limit 50;
 substring(nchar_32_col, 1, 5)  |
=================================
 圣克拉拉                       |
 森尼韦尔                       |
 山景城 -                       |
 帕洛阿托                       |
 坎贝尔 -                       |
 山景城 -                       |
 圣克拉拉                       |
 山景城 -                       |
 洛杉矶 -                       |
 圣克拉拉                       |
 山景城 -                       |
 圣何塞 -                       |
 库比蒂诺                       |
 森尼韦尔                       |
 旧金山 -                       |
 库比蒂诺                       |
 山景城 -                       |
 森尼韦尔                       |
 圣克拉拉                       |
 帕洛阿托                       |
 洛杉矶 -                       |
 帕洛阿托                       |
 旧金山 -                       |
 库比蒂诺                       |
 圣克拉拉                       |
 山景城 -                       |
 圣克拉拉                       |
 坎贝尔 -                       |
 圣地亚哥                       |
 圣何塞 -                       |
 旧金山 -                       |
 圣克拉拉                       |
 帕洛阿托                       |
 圣地亚哥                       |
 圣何塞 -                       |
 圣何塞 -                       |
 圣克拉拉                       |
 圣克拉拉                       |
 帕洛阿托                       |
 圣何塞 -                       |
 圣克拉拉                       |
 洛杉矶 -                       |
 坎贝尔 -                       |
 圣克拉拉                       |
 森尼韦尔                       |
 旧金山 -                       |
 库比蒂诺                       |
 圣克拉拉                       |
 圣地亚哥                       |
 库比蒂诺                       |

taos> select substring_index(nchar_32_col, ' ', 1) from test_vtable_select.vtb_virtual_ntb_full limit 50;
 substring_index(nchar_32_col, ' ', 1) |
========================================
 圣克拉拉                              |
 森尼韦尔                              |
 山景城                                |
 帕洛阿托                              |
 坎贝尔                                |
 山景城                                |
 圣克拉拉                              |
 山景城                                |
 洛杉矶                                |
 圣克拉拉                              |
 山景城                                |
 圣何塞                                |
 库比蒂诺                              |
 森尼韦尔                              |
 旧金山                                |
 库比蒂诺                              |
 山景城                                |
 森尼韦尔                              |
 圣克拉拉                              |
 帕洛阿托                              |
 洛杉矶                                |
 帕洛阿托                              |
 旧金山                                |
 库比蒂诺                              |
 圣克拉拉                              |
 山景城                                |
 圣克拉拉                              |
 坎贝尔                                |
 圣地亚哥                              |
 圣何塞                                |
 旧金山                                |
 圣克拉拉                              |
 帕洛阿托                              |
 圣地亚哥                              |
 圣何塞                                |
 圣何塞                                |
 圣克拉拉                              |
 圣克拉拉                              |
 帕洛阿托                              |
 圣何塞                                |
 圣克拉拉                              |
 洛杉矶                                |
 坎贝尔                                |
 圣克拉拉                              |
 森尼韦尔                              |
 旧金山                                |
 库比蒂诺                              |
 圣克拉拉                              |
 圣地亚哥                              |
 库比蒂诺                              |

taos> select char(u_tinyint_col) from test_vtable_select.vtb_virtual_ntb_full limit 50;
 char(u_tinyint_col) |
======================
                     |
                     |
                     |
 1                   |
 J                   |
                     |
 M                   |
 ?                   |
                     |
                     |
                     |
                     |
                     |
                     |
 _                   |
                     |
 ;                   |
                     |
 I                   |
                     |
                     |
                     |
                     |
                     |
 V                   |
                     |
 C                   |
                     |
                     |
                     |
 .                   |
                     |
                     |
                     |
                     |
                     |
                     |
                     |
 L                   |
                     |
                     |
 &                   |
 \                   |
                     |
                     |
                     |
 a                   |
                     |
 C                   |
 e                   |

taos> select ascii(binary_32_col) from test_vtable_select.vtb_virtual_ntb_full limit 50;
 ascii(binary_32_col) |
=======================
                   83 |
                   88 |
                   84 |
                   83 |
                   83 |
                   72 |
                   83 |
                   72 |
                   67 |
                   66 |
                   72 |
                   72 |
                   88 |
                   83 |
                   72 |
                   88 |
                   72 |
                   67 |
                   88 |
                   88 |
                   72 |
                   88 |
                   67 |
                   84 |
                   72 |
                   67 |
                   72 |
                   66 |
                   84 |
                   88 |
                   72 |
                   67 |
                   83 |
                   72 |
                   88 |
                   72 |
                   83 |
                   83 |
                   72 |
                   67 |
                   66 |
                   83 |
                   72 |
                   72 |
                   84 |
                   83 |
                   67 |
                   67 |
                   83 |
                   84 |

taos> select position(' ' IN binary_32_col) from test_vtable_select.vtb_virtual_ntb_full limit 50;
 position(' ' in binary_32_col) |
=================================
                              9 |
                              5 |
                              8 |
                              9 |
                              9 |
                              7 |
                              9 |
                              5 |
                              8 |
                              8 |
                              7 |
                              5 |
                              5 |
                              9 |
                              5 |
                              5 |
                              5 |
                              8 |
                              5 |
                              5 |
                              5 |
                              5 |
                              8 |
                              8 |
                              5 |
                              8 |
                              5 |
                              8 |
                              8 |
                              5 |
                              9 |
                              8 |
                              9 |
                              9 |
                              5 |
                              9 |
                             13 |
                             13 |
                              7 |
                              8 |
                              8 |
                              9 |
                              9 |
                              9 |
                              8 |
                             13 |
                              8 |
                              8 |
                              9 |
                              8 |

taos> select repeat(binary_32_col, 2) from test_vtable_select.vtb_virtual_ntb_full limit 50;
    repeat(binary_32_col, 2)    |
=================================
 Shanghai - Los AnglesShangh... |
 Xian - SunnyvaleXian - Sunn... |
 Taiyuan - Santa ClaraTaiyua... |
 Shanghai - Los AnglesShangh... |
 Shanghai - Los AnglesShangh... |
 Harbin - CampbellHarbin - C... |
 Shanghai - Los AnglesShangh... |
 Hong Kong - Palo AltoHong K... |
 Chengdu - San JoseChengdu -... |
 Beijing - San FranciscoBeij... |
 Harbin - CampbellHarbin - C... |
 Hong Kong - Palo AltoHong K... |
 Xian - SunnyvaleXian - Sunn... |
 Shanghai - Los AnglesShangh... |
 Hong Kong - Palo AltoHong K... |
 Xian - SunnyvaleXian - Sunn... |
 Hong Kong - Palo AltoHong K... |
 Chengdu - San JoseChengdu -... |
 Xian - SunnyvaleXian - Sunn... |
 Xian - SunnyvaleXian - Sunn... |
 Hong Kong - Palo AltoHong K... |
 Xian - SunnyvaleXian - Sunn... |
 Chengdu - San JoseChengdu -... |
 Taiyuan - Santa ClaraTaiyua... |
 Hong Kong - Palo AltoHong K... |
 Chengdu - San JoseChengdu -... |
 Hong Kong - Palo AltoHong K... |
 Beijing - San FranciscoBeij... |
 Tianjin - Mountain ViewTian... |
 Xian - SunnyvaleXian - Sunn... |
 Hangzhou - San DiegoHangzho... |
 Chengdu - San JoseChengdu -... |
 Shanghai - Los AnglesShangh... |
 Hangzhou - San DiegoHangzho... |
 Xian - SunnyvaleXian - Sunn... |
 Hangzhou - San DiegoHangzho... |
 Shijiazhuang - CupertinoShi... |
 Shijiazhuang - CupertinoShi... |
 Harbin - CampbellHarbin - C... |
 Chengdu - San JoseChengdu -... |
 Beijing - San FranciscoBeij... |
 Shanghai - Los AnglesShangh... |
 Hangzhou - San DiegoHangzho... |
 Hangzhou - San DiegoHangzho... |
 Taiyuan - Santa ClaraTaiyua... |
 Shijiazhuang - CupertinoShi... |
 Chengdu - San JoseChengdu -... |
 Chengdu - San JoseChengdu -... |
 Shanghai - Los AnglesShangh... |
 Tianjin - Mountain ViewTian... |

taos> select replace(binary_32_col, ' ', '_') from test_vtable_select.vtb_virtual_ntb_full limit 50;
 replace(binary_32_col, ' ', '_') |
===================================
 Shanghai_-_Los_Angles            |
 Xian_-_Sunnyvale                 |
 Taiyuan_-_Santa_Clara            |
 Shanghai_-_Los_Angles            |
 Shanghai_-_Los_Angles            |
 Harbin_-_Campbell                |
 Shanghai_-_Los_Angles            |
 Hong_Kong_-_Palo_Alto            |
 Chengdu_-_San_Jose               |
 Beijing_-_San_Francisco          |
 Harbin_-_Campbell                |
 Hong_Kong_-_Palo_Alto            |
 Xian_-_Sunnyvale                 |
 Shanghai_-_Los_Angles            |
 Hong_Kong_-_Palo_Alto            |
 Xian_-_Sunnyvale                 |
 Hong_Kong_-_Palo_Alto            |
 Chengdu_-_San_Jose               |
 Xian_-_Sunnyvale                 |
 Xian_-_Sunnyvale                 |
 Hong_Kong_-_Palo_Alto            |
 Xian_-_Sunnyvale                 |
 Chengdu_-_San_Jose               |
 Taiyuan_-_Santa_Clara            |
 Hong_Kong_-_Palo_Alto            |
 Chengdu_-_San_Jose               |
 Hong_Kong_-_Palo_Alto            |
 Beijing_-_San_Francisco          |
 Tianjin_-_Mountain_View          |
 Xian_-_Sunnyvale                 |
 Hangzhou_-_San_Diego             |
 Chengdu_-_San_Jose               |
 Shanghai_-_Los_Angles            |
 Hangzhou_-_San_Diego             |
 Xian_-_Sunnyvale                 |
 Hangzhou_-_San_Diego             |
 Shijiazhuang_-_Cupertino         |
 Shijiazhuang_-_Cupertino         |
 Harbin_-_Campbell                |
 Chengdu_-_San_Jose               |
 Beijing_-_San_Francisco          |
 Shanghai_-_Los_Angles            |
 Hangzhou_-_San_Diego             |
 Hangzhou_-_San_Diego             |
 Taiyuan_-_Santa_Clara            |
 Shijiazhuang_-_Cupertino         |
 Chengdu_-_San_Jose               |
 Chengdu_-_San_Jose               |
 Shanghai_-_Los_Angles            |
 Tianjin_-_Mountain_View          |

taos> select cast(u_tinyint_col as nchar(16)) from test_vtable_select.vtb_virtual_ntb_full limit 50;
 cast(u_tinyint_col as nchar(16)) |
===================================
 29                               |
 158                              |
 1                                |
 49                               |
 74                               |
 11                               |
 77                               |
 63                               |
 229                              |
 195                              |
 25                               |
 182                              |
 198                              |
 187                              |
 95                               |
 162                              |
 59                               |
 176                              |
 73                               |
 8                                |
 17                               |
 138                              |
 12                               |
 15                               |
 86                               |
 216                              |
 67                               |
 205                              |
 238                              |
 229                              |
 46                               |
 177                              |
 153                              |
 143                              |
 158                              |
 135                              |
 207                              |
 228                              |
 76                               |
 244                              |
 5                                |
 38                               |
 92                               |
 237                              |
 183                              |
 197                              |
 97                               |
 252                              |
 67                               |
 101                              |

taos> select to_ISO8601(ts) from test_vtable_select.vtb_virtual_ntb_full limit 50;
         to_iso8601(ts)         |
=================================
 2020-10-01T00:00:00.000+0800   |
 2020-10-01T00:00:00.002+0800   |
 2020-10-01T00:00:00.003+0800   |
 2020-10-01T00:00:00.004+0800   |
 2020-10-01T00:00:00.005+0800   |
 2020-10-01T00:00:00.006+0800   |
 2020-10-01T00:00:00.008+0800   |
 2020-10-01T00:00:00.009+0800   |
 2020-10-01T00:00:00.010+0800   |
 2020-10-01T00:00:00.012+0800   |
 2020-10-01T00:00:00.014+0800   |
 2020-10-01T00:00:00.015+0800   |
 2020-10-01T00:00:00.016+0800   |
 2020-10-01T00:00:00.018+0800   |
 2020-10-01T00:00:00.020+0800   |
 2020-10-01T00:00:00.021+0800   |
 2020-10-01T00:00:00.022+0800   |
 2020-10-01T00:00:00.024+0800   |
 2020-10-01T00:00:00.025+0800   |
 2020-10-01T00:00:00.026+0800   |
 2020-10-01T00:00:00.027+0800   |
 2020-10-01T00:00:00.028+0800   |
 2020-10-01T00:00:00.030+0800   |
 2020-10-01T00:00:00.032+0800   |
 2020-10-01T00:00:00.033+0800   |
 2020-10-01T00:00:00.034+0800   |
 2020-10-01T00:00:00.035+0800   |
 2020-10-01T00:00:00.036+0800   |
 2020-10-01T00:00:00.038+0800   |
 2020-10-01T00:00:00.039+0800   |
 2020-10-01T00:00:00.040+0800   |
 2020-10-01T00:00:00.042+0800   |
 2020-10-01T00:00:00.044+0800   |
 2020-10-01T00:00:00.045+0800   |
 2020-10-01T00:00:00.046+0800   |
 2020-10-01T00:00:00.048+0800   |
 2020-10-01T00:00:00.050+0800   |
 2020-10-01T00:00:00.051+0800   |
 2020-10-01T00:00:00.052+0800   |
 2020-10-01T00:00:00.054+0800   |
 2020-10-01T00:00:00.055+0800   |
 2020-10-01T00:00:00.056+0800   |
 2020-10-01T00:00:00.057+0800   |
 2020-10-01T00:00:00.058+0800   |
 2020-10-01T00:00:00.060+0800   |
 2020-10-01T00:00:00.062+0800   |
 2020-10-01T00:00:00.063+0800   |
 2020-10-01T00:00:00.064+0800   |
 2020-10-01T00:00:00.065+0800   |
 2020-10-01T00:00:00.066+0800   |

taos> select to_unixtimestamp(to_ISO8601(ts)) from test_vtable_select.vtb_virtual_ntb_full limit 50;
 to_unixtimestamp(to_iso8601(ts)) |
===================================
                    1601481600000 |
                    1601481600002 |
                    1601481600003 |
                    1601481600004 |
                    1601481600005 |
                    1601481600006 |
                    1601481600008 |
                    1601481600009 |
                    1601481600010 |
                    1601481600012 |
                    1601481600014 |
                    1601481600015 |
                    1601481600016 |
                    1601481600018 |
                    1601481600020 |
                    1601481600021 |
                    1601481600022 |
                    1601481600024 |
                    1601481600025 |
                    1601481600026 |
                    1601481600027 |
                    1601481600028 |
                    1601481600030 |
                    1601481600032 |
                    1601481600033 |
                    1601481600034 |
                    1601481600035 |
                    1601481600036 |
                    1601481600038 |
                    1601481600039 |
                    1601481600040 |
                    1601481600042 |
                    1601481600044 |
                    1601481600045 |
                    1601481600046 |
                    1601481600048 |
                    1601481600050 |
                    1601481600051 |
                    1601481600052 |
                    1601481600054 |
                    1601481600055 |
                    1601481600056 |
                    1601481600057 |
                    1601481600058 |
                    1601481600060 |
                    1601481600062 |
                    1601481600063 |
                    1601481600064 |
                    1601481600065 |
                    1601481600066 |

taos> select to_char(ts, 'YYYY-MM-DD HH24:MI:SS') from test_vtable_select.vtb_virtual_ntb_full limit 50;
 to_char(ts, 'YYYY-MM-DD HH24:MI:SS') |
=======================================
 2020-10-01 00:00:00                  |
 2020-10-01 00:00:00                  |
 2020-10-01 00:00:00                  |
 2020-10-01 00:00:00                  |
 2020-10-01 00:00:00                  |
 2020-10-01 00:00:00                  |
 2020-10-01 00:00:00                  |
 2020-10-01 00:00:00                  |
 2020-10-01 00:00:00                  |
 2020-10-01 00:00:00                  |
 2020-10-01 00:00:00                  |
 2020-10-01 00:00:00                  |
 2020-10-01 00:00:00                  |
 2020-10-01 00:00:00                  |
 2020-10-01 00:00:00                  |
 2020-10-01 00:00:00                  |
 2020-10-01 00:00:00                  |
 2020-10-01 00:00:00                  |
 2020-10-01 00:00:00                  |
 2020-10-01 00:00:00                  |
 2020-10-01 00:00:00                  |
 2020-10-01 00:00:00                  |
 2020-10-01 00:00:00                  |
 2020-10-01 00:00:00                  |
 2020-10-01 00:00:00                  |
 2020-10-01 00:00:00                  |
 2020-10-01 00:00:00                  |
 2020-10-01 00:00:00                  |
 2020-10-01 00:00:00                  |
 2020-10-01 00:00:00                  |
 2020-10-01 00:00:00                  |
 2020-10-01 00:00:00                  |
 2020-10-01 00:00:00                  |
 2020-10-01 00:00:00                  |
 2020-10-01 00:00:00                  |
 2020-10-01 00:00:00                  |
 2020-10-01 00:00:00                  |
 2020-10-01 00:00:00                  |
 2020-10-01 00:00:00                  |
 2020-10-01 00:00:00                  |
 2020-10-01 00:00:00                  |
 2020-10-01 00:00:00                  |
 2020-10-01 00:00:00                  |
 2020-10-01 00:00:00                  |
 2020-10-01 00:00:00                  |
 2020-10-01 00:00:00                  |
 2020-10-01 00:00:00                  |
 2020-10-01 00:00:00                  |
 2020-10-01 00:00:00                  |
 2020-10-01 00:00:00                  |

taos> select timetruncate(ts, 1a) from test_vtable_select.vtb_virtual_ntb_full limit 50;
  timetruncate(ts, 1a)   |
==========================
 2020-10-01 00:00:00.000 |
 2020-10-01 00:00:00.002 |
 2020-10-01 00:00:00.003 |
 2020-10-01 00:00:00.004 |
 2020-10-01 00:00:00.005 |
 2020-10-01 00:00:00.006 |
 2020-10-01 00:00:00.008 |
 2020-10-01 00:00:00.009 |
 2020-10-01 00:00:00.010 |
 2020-10-01 00:00:00.012 |
 2020-10-01 00:00:00.014 |
 2020-10-01 00:00:00.015 |
 2020-10-01 00:00:00.016 |
 2020-10-01 00:00:00.018 |
 2020-10-01 00:00:00.020 |
 2020-10-01 00:00:00.021 |
 2020-10-01 00:00:00.022 |
 2020-10-01 00:00:00.024 |
 2020-10-01 00:00:00.025 |
 2020-10-01 00:00:00.026 |
 2020-10-01 00:00:00.027 |
 2020-10-01 00:00:00.028 |
 2020-10-01 00:00:00.030 |
 2020-10-01 00:00:00.032 |
 2020-10-01 00:00:00.033 |
 2020-10-01 00:00:00.034 |
 2020-10-01 00:00:00.035 |
 2020-10-01 00:00:00.036 |
 2020-10-01 00:00:00.038 |
 2020-10-01 00:00:00.039 |
 2020-10-01 00:00:00.040 |
 2020-10-01 00:00:00.042 |
 2020-10-01 00:00:00.044 |
 2020-10-01 00:00:00.045 |
 2020-10-01 00:00:00.046 |
 2020-10-01 00:00:00.048 |
 2020-10-01 00:00:00.050 |
 2020-10-01 00:00:00.051 |
 2020-10-01 00:00:00.052 |
 2020-10-01 00:00:00.054 |
 2020-10-01 00:00:00.055 |
 2020-10-01 00:00:00.056 |
 2020-10-01 00:00:00.057 |
 2020-10-01 00:00:00.058 |
 2020-10-01 00:00:00.060 |
 2020-10-01 00:00:00.062 |
 2020-10-01 00:00:00.063 |
 2020-10-01 00:00:00.064 |
 2020-10-01 00:00:00.065 |
 2020-10-01 00:00:00.066 |

taos> select week(ts) from test_vtable_select.vtb_virtual_ntb_full limit 50;
       week(ts)        |
========================
                    39 |
                    39 |
                    39 |
                    39 |
                    39 |
                    39 |
                    39 |
                    39 |
                    39 |
                    39 |
                    39 |
                    39 |
                    39 |
                    39 |
                    39 |
                    39 |
                    39 |
                    39 |
                    39 |
                    39 |
                    39 |
                    39 |
                    39 |
                    39 |
                    39 |
                    39 |
                    39 |
                    39 |
                    39 |
                    39 |
                    39 |
                    39 |
                    39 |
                    39 |
                    39 |
                    39 |
                    39 |
                    39 |
                    39 |
                    39 |
                    39 |
                    39 |
                    39 |
                    39 |
                    39 |
                    39 |
                    39 |
                    39 |
                    39 |
                    39 |

taos> select dayofweek(ts) from test_vtable_select.vtb_virtual_ntb_full limit 50;
     dayofweek(ts)     |
========================
                     5 |
                     5 |
                     5 |
                     5 |
                     5 |
                     5 |
                     5 |
                     5 |
                     5 |
                     5 |
                     5 |
                     5 |
                     5 |
                     5 |
                     5 |
                     5 |
                     5 |
                     5 |
                     5 |
                     5 |
                     5 |
                     5 |
                     5 |
                     5 |
                     5 |
                     5 |
                     5 |
                     5 |
                     5 |
                     5 |
                     5 |
                     5 |
                     5 |
                     5 |
                     5 |
                     5 |
                     5 |
                     5 |
                     5 |
                     5 |
                     5 |
                     5 |
                     5 |
                     5 |
                     5 |
                     5 |
                     5 |
                     5 |
                     5 |
                     5 |

taos> select weekofyear(ts) from test_vtable_select.vtb_virtual_ntb_full limit 50;
    weekofyear(ts)     |
========================
                    40 |
                    40 |
                    40 |
                    40 |
                    40 |
                    40 |
                    40 |
                    40 |
                    40 |
                    40 |
                    40 |
                    40 |
                    40 |
                    40 |
                    40 |
                    40 |
                    40 |
                    40 |
                    40 |
                    40 |
                    40 |
                    40 |
                    40 |
                    40 |
                    40 |
                    40 |
                    40 |
                    40 |
                    40 |
                    40 |
                    40 |
                    40 |
                    40 |
                    40 |
                    40 |
                    40 |
                    40 |
                    40 |
                    40 |
                    40 |
                    40 |
                    40 |
                    40 |
                    40 |
                    40 |
                    40 |
                    40 |
                    40 |
                    40 |
                    40 |

taos> select weekday(ts) from test_vtable_select.vtb_virtual_ntb_full limit 50;
      weekday(ts)      |
========================
                     3 |
                     3 |
                     3 |
                     3 |
                     3 |
                     3 |
                     3 |
                     3 |
                     3 |
                     3 |
                     3 |
                     3 |
                     3 |
                     3 |
                     3 |
                     3 |
                     3 |
                     3 |
                     3 |
                     3 |
                     3 |
                     3 |
                     3 |
                     3 |
                     3 |
                     3 |
                     3 |
                     3 |
                     3 |
                     3 |
                     3 |
                     3 |
                     3 |
                     3 |
                     3 |
                     3 |
                     3 |
                     3 |
                     3 |
                     3 |
                     3 |
                     3 |
                     3 |
                     3 |
                     3 |
                     3 |
                     3 |
                     3 |
                     3 |
                     3 |

taos> select apercentile(int_col, 10) from test_vtable_select.vtb_virtual_ntb_full limit 50;
 apercentile(int_col, 10)  |
============================
    -8.628223679677420e+08 |

taos> select avg(int_col) from test_vtable_select.vtb_virtual_ntb_full limit 50;
       avg(int_col)        |
============================
   -146132.551399999996647 |

taos> select count(int_col) from test_vtable_select.vtb_virtual_ntb_full limit 50;
    count(int_col)     |
========================
                 10000 |

taos> select count(*) from test_vtable_select.vtb_virtual_ntb_full limit 50;
       count(*)        |
========================
                 23333 |

taos> select elapsed(ts) from test_vtable_select.vtb_virtual_ntb_full limit 50;
        elapsed(ts)        |
============================
     49995.000000000000000 |

taos> select leastsquares(int_col, 0, 1) from test_vtable_select.vtb_virtual_ntb_full limit 50;
  leastsquares(int_col, 0, 1)   |
=================================
 {slop:685.786126, intercept... |

taos> select spread(int_col) from test_vtable_select.vtb_virtual_ntb_full limit 50;
      spread(int_col)      |
============================
     2.147266126000000e+09 |

taos> select stddev(int_col) from test_vtable_select.vtb_virtual_ntb_full limit 50;
      stddev(int_col)      |
============================
    146175.418363511591451 |

taos> select sum(int_col) from test_vtable_select.vtb_virtual_ntb_full limit 50;
     sum(int_col)      |
========================
           -1461325514 |

taos> select var_pop(int_col) from test_vtable_select.vtb_virtual_ntb_full limit 50;
     var_pop(int_col)      |
============================
     2.136725293374764e+10 |

taos> select hyperloglog(int_col) from test_vtable_select.vtb_virtual_ntb_full limit 50;
 hyperloglog(int_col)  |
========================
                 10099 |

taos> select percentile(int_col, 0.5) from test_vtable_select.vtb_virtual_ntb_full limit 50;
taos> select bottom(int_col, 10) from test_vtable_select.vtb_virtual_ntb_full limit 50;
 bottom(int_col, 10) |
======================
         -1070972760 |
         -1071387869 |
         -1071900467 |
         -1071649376 |
         -1073057610 |
         -1072419210 |
         -1073119339 |
         -1072309309 |
         -1073265752 |
         -1073538255 |

taos> select top(int_col, 10) from test_vtable_select.vtb_virtual_ntb_full limit 50;
 top(int_col, 10) |
===================
       1071739635 |
       1072798206 |
       1072779829 |
       1073266682 |
       1072833047 |
       1073339832 |
       1072902495 |
       1073443087 |
       1073727871 |
       1073241722 |

taos> select first(int_col) from test_vtable_select.vtb_virtual_ntb_full limit 50;
 first(int_col) |
=================
     -650873068 |

taos> select first(*) from test_vtable_select.vtb_virtual_ntb_full limit 50;
        first(ts)        | first(u_tinyint_col) | first(u_smallint_col) | first(u_int_col) |  first(u_bigint_col)  | first(tinyint_col) | first(smallint_col) | first(int_col) |   first(bigint_col)   |   first(float_col)   |     first(double_col)     | first(bool_col) | first(binary_16_col) |      first(binary_32_col)      |      first(nchar_16_col)       |      first(nchar_32_col)       |
=======================================================================================================================================================================================================================================================================================================================================================================================================
 2020-10-01 00:00:00.000 |                   29 |                 13238 |        432633471 |            1825145387 |                 80 |               32519 |     -650873068 |  -9223372036854775808 |        99528.6953125 |  73495720.958304002881050 | true            | San Diego            | Shanghai - Los Angles          | 一。San Franc                  | 圣克拉拉 - Santa Clara         |

taos> select interp(u_smallint_col) from test_vtable_select.vtb_virtual_ntb_full where u_tinyint_col > 0 and u_int_col > 0 RANGE('2020-10-01 00:00:00.000', '2020-10-01 00:01:00.000') EVERY (2a) FILL(linear) limit 50;
 interp(u_smallint_col) |
=========================
                  13238 |
 NULL                   |
 NULL                   |
 NULL                   |
 NULL                   |
 NULL                   |
 NULL                   |
 NULL                   |
 NULL                   |
 NULL                   |
 NULL                   |
 NULL                   |
 NULL                   |
 NULL                   |
 NULL                   |
                  40009 |
 NULL                   |
 NULL                   |
 NULL                   |
 NULL                   |
 NULL                   |
 NULL                   |
 NULL                   |
 NULL                   |
 NULL                   |
 NULL                   |
 NULL                   |
 NULL                   |
 NULL                   |
 NULL                   |
                  50802 |
 NULL                   |
 NULL                   |
 NULL                   |
 NULL                   |
 NULL                   |
 NULL                   |
 NULL                   |
 NULL                   |
 NULL                   |
 NULL                   |
 NULL                   |
 NULL                   |
 NULL                   |
 NULL                   |
                  44549 |
 NULL                   |
 NULL                   |
 NULL                   |
 NULL                   |

taos> select last(int_col) from test_vtable_select.vtb_virtual_ntb_full limit 50;
 last(int_col) |
================
    1003732609 |

taos> select last(*) from test_vtable_select.vtb_virtual_ntb_full limit 50;
        last(ts)         | last(u_tinyint_col) | last(u_smallint_col) | last(u_int_col) |  last(u_bigint_col)   | last(tinyint_col) | last(smallint_col) | last(int_col) |   last(bigint_col)    |   last(float_col)    |     last(double_col)      | last(bool_col) | last(binary_16_col) |      last(binary_32_col)       |       last(nchar_16_col)       |       last(nchar_32_col)       |
===============================================================================================================================================================================================================================================================================================================================================================================================
 2020-10-01 00:00:49.995 |                  51 |                10486 |      1812337397 |             896525845 |                 6 |               8984 |    1003732609 |  -9223372036854775808 |       -68902.9296875 | -46321277.573751002550125 | true           | Santa Clara         | Hangzhou - San Diego           | 一。San Franc                  | 圣克拉拉 - Santa Clara         |

taos> select last_row(int_col) from test_vtable_select.vtb_virtual_ntb_full limit 50;
 last_row(int_col) |
====================
        1003732609 |

taos> select last_row(*) from test_vtable_select.vtb_virtual_ntb_full limit 50;
      last_row(ts)       | last_row(u_tinyint_col) | last_row(u_smallint_col) | last_row(u_int_col) | last_row(u_bigint_col) | last_row(tinyint_col) | last_row(smallint_col) | last_row(int_col) | last_row(bigint_col)  | last_row(float_col)  |   last_row(double_col)    | last_row(bool_col) | last_row(binary_16_col) |    last_row(binary_32_col)     |     last_row(nchar_16_col)     |     last_row(nchar_32_col)     |
================================================================================================================================================================================================================================================================================================================================================================================================================================
 2020-10-01 00:00:49.995 | NULL                    | NULL                     |          1812337397 | NULL                   | NULL                  |                   8984 | NULL              | NULL                  |       -68902.9296875 | NULL                      | NULL               | Santa Clara             | NULL                           | NULL                           | 圣克拉拉 - Santa Clara         |

taos> select max(int_col) from test_vtable_select.vtb_virtual_ntb_full limit 50;
 max(int_col) |
===============
   1073727871 |

taos> select min(int_col) from test_vtable_select.vtb_virtual_ntb_full limit 50;
 min(int_col) |
===============
  -1073538255 |

taos> select mode(int_col) from test_vtable_select.vtb_virtual_ntb_full limit 50;
 mode(int_col) |
================
     402523350 |

taos> select tail(int_col, 20) from test_vtable_select.vtb_virtual_ntb_full limit 50;
 tail(int_col, 20) |
====================
        1003732609 |
         -92851536 |
         344345959 |
        -507242214 |
         754592313 |
         -81886338 |
        -678652052 |
         191237206 |
        -315089066 |
        1028134522 |
        -889795888 |
         900198299 |
        1019656978 |
       -1069641414 |
        -870925335 |
         159825287 |
         374478452 |
         437665668 |
         538519753 |
         -18643397 |

taos> select unique(u_tinyint_col) from test_vtable_select.vtb_virtual_ntb_full limit 50;
 unique(u_tinyint_col) |
========================
                    53 |
                   200 |
                   123 |
                    40 |
                    95 |
                   199 |
                   148 |
                   246 |
                    62 |
                    73 |
                    74 |
                   171 |
                     1 |
                   163 |
                   228 |
                   187 |
                   139 |
                    43 |
                   113 |
                    78 |
                   219 |
                    96 |
                   218 |
                    87 |
                   149 |
                    38 |
                    11 |
                    93 |
                    48 |
                    89 |
                    69 |
                    70 |
                   138 |
                   132 |
                   159 |
                   156 |
                   127 |
                    83 |
                   197 |
                    63 |
                   195 |
                   188 |
                    72 |
                   236 |
                   147 |
                    42 |
                   135 |
                    37 |
                   198 |
                   226 |

taos> select csum(u_tinyint_col) from test_vtable_select.vtb_virtual_ntb_full limit 50;
  csum(u_tinyint_col)  |
========================
                    29 |
                   187 |
                   188 |
                   237 |
                   311 |
                   322 |
                   399 |
                   462 |
                   691 |
                   886 |
                   911 |
                  1093 |
                  1291 |
                  1478 |
                  1573 |
                  1735 |
                  1794 |
                  1970 |
                  2043 |
                  2051 |
                  2068 |
                  2206 |
                  2218 |
                  2233 |
                  2319 |
                  2535 |
                  2602 |
                  2807 |
                  3045 |
                  3274 |
                  3320 |
                  3497 |
                  3650 |
                  3793 |
                  3951 |
                  4086 |
                  4293 |
                  4521 |
                  4597 |
                  4841 |
                  4846 |
                  4884 |
                  4976 |
                  5213 |
                  5396 |
                  5593 |
                  5690 |
                  5942 |
                  6009 |
                  6110 |

taos> select derivative(int_col, 5a, 1) from test_vtable_select.vtb_virtual_ntb_full limit 50;
 derivative(int_col, 5a, 1) |
=============================
      1.432622105000000e+09 |
      1.903083537500000e+09 |
      1.837994190000000e+09 |
      9.145022300000000e+08 |
      1.936524657500000e+09 |
      2.472019652500000e+09 |
      1.463902847500000e+09 |
      9.165976350000000e+08 |
      1.453646582500000e+09 |
      2.170812125000000e+09 |
      4.002500995000000e+09 |
      1.808367827500000e+09 |
      2.387412825000000e+09 |
      1.067568087500000e+09 |
      2.641416625000000e+08 |
      3.427413550000000e+09 |
      1.203652702500000e+09 |
      1.809909232500000e+09 |
      3.383597957500000e+09 |
      3.030959075000000e+08 |
      6.322031975000000e+08 |
      4.166923665000000e+09 |
      8.936783200000000e+08 |
      4.015527205000000e+09 |
      8.185353650000000e+08 |
      1.185935477500000e+09 |
      6.001684875000000e+08 |
      8.629605275000000e+08 |
      3.252572517500000e+09 |
      7.344953650000000e+08 |
      6.877376000000000e+08 |
      1.594444090000000e+09 |
      1.859499942500000e+09 |
      2.363396917500000e+09 |
      8.317466775000000e+08 |
      6.709118525000000e+08 |
      3.383353242500000e+09 |
      3.423136112500000e+09 |
      2.007748507500000e+09 |
      3.340971167500000e+09 |
      9.097679000000000e+08 |
      1.585371545000000e+09 |
      4.143314802500000e+09 |
      5.067970750000000e+08 |
      1.570928845000000e+09 |
      2.571087107500000e+09 |
      2.378474360000000e+09 |
      2.689500135000000e+09 |
      2.199993740000000e+09 |
      1.135994852500000e+09 |

taos> select diff(int_col) from test_vtable_select.vtb_virtual_ntb_full limit 50;
     diff(int_col)     |
========================
             573048842 |
             761233415 |
            -824062981 |
            -298513573 |
             735197676 |
           -1240343744 |
             365800892 |
             774609863 |
           -1175517450 |
             988807861 |
            -255796642 |
             585561139 |
            -473695253 |
            -625483512 |
             366639054 |
             581458633 |
             868324850 |
           -1596731833 |
            1601000398 |
           -2093539358 |
             723347131 |
             954965130 |
            -397835063 |
           -1066828822 |
             427027235 |
            -527297857 |
             105656665 |
            1370965420 |
             481461081 |
             -63751789 |
           -1978202472 |
             723963693 |
            -748965578 |
            1353439183 |
             121238363 |
            -743065590 |
            -123464519 |
             252881279 |
            -761250172 |
            -142796396 |
            1666769466 |
           -1063747365 |
             357471328 |
            -832206058 |
            1606210882 |
             327414146 |
           -1232491799 |
             474374191 |
             240067395 |
           -1521968830 |

taos> select irate(int_col) from test_vtable_select.vtb_virtual_ntb_full limit 50;
      irate(int_col)       |
============================
     5.482920725000000e+11 |

taos> select mavg(int_col, 100) from test_vtable_select.vtb_virtual_ntb_full limit 50;
    mavg(int_col, 100)     |
============================
 -96922481.840000003576279 |
 -98200975.519999995827675 |
 -89350437.129999995231628 |
 -91067376.930000007152557 |
 -89494782.299999997019768 |
 -95233548.530000001192093 |
 -96581691.000000000000000 |
 -93121820.159999996423721 |
 -86136461.939999997615814 |
 -92768102.890000000596046 |
 -90650507.760000005364418 |
 -96610917.739999994635582 |
 -90007079.170000001788139 |
 -92581833.709999993443489 |
    -1.004654250500000e+08 |
 -83624173.670000001788139 |
 -81955564.439999997615814 |
 -88440747.049999997019768 |
 -97739227.950000002980232 |
 -95353376.939999997615814 |
    -1.042405953500000e+08 |
 -87128218.430000007152557 |
 -87223531.400000005960464 |
 -89607394.310000002384186 |
 -97705732.239999994635582 |
 -84324480.909999996423721 |
 -87948833.730000004172325 |
 -72533371.879999995231628 |
 -59876691.770000003278255 |
 -59255675.619999997317791 |
 -66611837.240000002086163 |
 -67547386.000000000000000 |
 -54766052.460000000894070 |
 -48201626.990000002086163 |
 -46029529.469999998807907 |
 -40223366.200000002980232 |
 -34828013.210000000894070 |
 -21690121.489999998360872 |
  -8909369.759999999776483 |
  -5401135.599999999627471 |
   6802458.790000000037253 |
  24791906.370000001043081 |
  10203699.539999999105930 |
  12896817.539999999105930 |
   6341268.509999999776483 |
  19714372.600000001490116 |
   5120824.769999999552965 |
 -11213528.029999999329448 |
 -13404773.089999999850988 |
 -18518575.519999999552965 |

taos> select statecount(u_tinyint_col, "GT", 20) from test_vtable_select.vtb_virtual_ntb_full limit 50;
 statecount(u_tinyint_col, "GT", 20) |
======================================
                                   1 |
                                   2 |
                                  -1 |
                                   1 |
                                   2 |
                                  -1 |
                                   1 |
                                   2 |
                                   3 |
                                   4 |
                                   5 |
                                   6 |
                                   7 |
                                   8 |
                                   9 |
                                  10 |
                                  11 |
                                  12 |
                                  13 |
                                  -1 |
                                  -1 |
                                   1 |
                                  -1 |
                                  -1 |
                                   1 |
                                   2 |
                                   3 |
                                   4 |
                                   5 |
                                   6 |
                                   7 |
                                   8 |
                                   9 |
                                  10 |
                                  11 |
                                  12 |
                                  13 |
                                  14 |
                                  15 |
                                  16 |
                                  -1 |
                                   1 |
                                   2 |
                                   3 |
                                   4 |
                                   5 |
                                   6 |
                                   7 |
                                   8 |
                                   9 |

taos> select stateduration(u_tinyint_col, "GT", 20, 1a) from test_vtable_select.vtb_virtual_ntb_full limit 50;
 stateduration(u_tinyint_col, "GT", 20, 1a) |
=============================================
                                          0 |
                                          2 |
                                         -1 |
                                          0 |
                                          2 |
                                         -1 |
                                          0 |
                                          2 |
                                          4 |
                                          6 |
                                          8 |
                                         10 |
                                         12 |
                                         14 |
                                         16 |
                                         18 |
                                         20 |
                                         22 |
                                         24 |
                                         -1 |
                                         -1 |
                                          0 |
                                         -1 |
                                         -1 |
                                          0 |
                                          2 |
                                          4 |
                                          6 |
                                          8 |
                                         10 |
                                         12 |
                                         14 |
                                         16 |
                                         18 |
                                         20 |
                                         22 |
                                         24 |
                                         26 |
                                         28 |
                                         30 |
                                         -1 |
                                          0 |
                                          2 |
                                          4 |
                                          6 |
                                          8 |
                                         10 |
                                         12 |
                                         14 |
                                         16 |

taos> select twa(int_col) from test_vtable_select.vtb_virtual_ntb_full limit 50;
       twa(int_col)        |
============================
   -163685.413924687134568 |

